Archive member included to satisfy reference by file (symbol)

E:\Personal\A1-XC\EVT\KEYBOARD_CH582M\StdPeriphDriver\libISP583.a(ISP583.o)
                              ./StdPeriphDriver/CH58x_flash.o (FLASH_EEPROM_CMD)
E:\Personal\A1-XC\EVT\KEYBOARD_CH582M\LIB\libTP78_TPM.a(PS2.o)
                              ./HAL/MCU.o (PS2_En_Data_Report)
E:\Personal\A1-XC\EVT\KEYBOARD_CH582M\LIB\libTP78_TPM.a(TPM_LIB.o)
                              ./HAL/MCU.o (TPM_init)
E:\Personal\A1-XC\EVT\KEYBOARD_CH582M\LIB\libTP78_MPR121.a(TP78_MPR121_LIB.o)
                              ./HAL/MPR121.o (MPR121_lib_init)
E:\Personal\A1-XC\EVT\KEYBOARD_CH582M\LIB\libCH58xBLE.a(message.o)
                              ./Profile/hiddev.o (tmos_msg_deallocate)
E:\Personal\A1-XC\EVT\KEYBOARD_CH582M\LIB\libCH58xBLE.a(tmos.o)
                              E:\Personal\A1-XC\EVT\KEYBOARD_CH582M\LIB\libCH58xBLE.a(message.o) (gTmosPara)
E:\Personal\A1-XC\EVT\KEYBOARD_CH582M\LIB\libCH58xBLE.a(tmos_hw.o)
                              E:\Personal\A1-XC\EVT\KEYBOARD_CH582M\LIB\libCH58xBLE.a(tmos.o) (fnGetClockCBs)
E:\Personal\A1-XC\EVT\KEYBOARD_CH582M\LIB\libCH58xBLE.a(tmos_snv.o)
                              E:\Personal\A1-XC\EVT\KEYBOARD_CH582M\LIB\libCH58xBLE.a(tmos.o) (tmos_snv_init)
E:\Personal\A1-XC\EVT\KEYBOARD_CH582M\LIB\libCH58xBLE.a(gap.o)
                              ./Profile/hiddev.o (GAP_SetParamValue)
E:\Personal\A1-XC\EVT\KEYBOARD_CH582M\LIB\libCH58xBLE.a(gap_central.o)
                              E:\Personal\A1-XC\EVT\KEYBOARD_CH582M\LIB\libCH58xBLE.a(gap.o) (gapProcessPeriodicAdvertisingSyncEstablishedEvt)
E:\Personal\A1-XC\EVT\KEYBOARD_CH582M\LIB\libCH58xBLE.a(gap_peripheral.o)
                              E:\Personal\A1-XC\EVT\KEYBOARD_CH582M\LIB\libCH58xBLE.a(gap.o) (GAP_PeripheralParamInit)
E:\Personal\A1-XC\EVT\KEYBOARD_CH582M\LIB\libCH58xBLE.a(gapgattserver.o)
                              ./HAL/BLE.o (GGS_SetParameter)
E:\Personal\A1-XC\EVT\KEYBOARD_CH582M\LIB\libCH58xBLE.a(gatt.o)
                              ./Profile/battservice.o (GATT_bm_alloc)
E:\Personal\A1-XC\EVT\KEYBOARD_CH582M\LIB\libCH58xBLE.a(gatt_uuid.o)
                              ./Profile/battservice.o (reportRefUUID)
E:\Personal\A1-XC\EVT\KEYBOARD_CH582M\LIB\libCH58xBLE.a(gattclientapp.o)
                              E:\Personal\A1-XC\EVT\KEYBOARD_CH582M\LIB\libCH58xBLE.a(gatt.o) (gattGetClientStatus)
E:\Personal\A1-XC\EVT\KEYBOARD_CH582M\LIB\libCH58xBLE.a(gattservapp.o)
                              ./Profile/battservice.o (GATTServApp_ReadCharCfg)
E:\Personal\A1-XC\EVT\KEYBOARD_CH582M\LIB\libCH58xBLE.a(l2cap.o)
                              E:\Personal\A1-XC\EVT\KEYBOARD_CH582M\LIB\libCH58xBLE.a(gatt.o) (L2CAP_GetMTU)
E:\Personal\A1-XC\EVT\KEYBOARD_CH582M\LIB\libCH58xBLE.a(l2cap_input.o)
                              E:\Personal\A1-XC\EVT\KEYBOARD_CH582M\LIB\libCH58xBLE.a(l2cap.o) (l2capProcessRxData)
E:\Personal\A1-XC\EVT\KEYBOARD_CH582M\LIB\libCH58xBLE.a(l2cap_output.o)
                              E:\Personal\A1-XC\EVT\KEYBOARD_CH582M\LIB\libCH58xBLE.a(l2cap_input.o) (l2capNotifyData)
E:\Personal\A1-XC\EVT\KEYBOARD_CH582M\LIB\libCH58xBLE.a(l2cap_sdu.o)
                              E:\Personal\A1-XC\EVT\KEYBOARD_CH582M\LIB\libCH58xBLE.a(l2cap_input.o) (l2capBuildDisconnectRsp)
E:\Personal\A1-XC\EVT\KEYBOARD_CH582M\LIB\libCH58xBLE.a(linkdb.o)
                              E:\Personal\A1-XC\EVT\KEYBOARD_CH582M\LIB\libCH58xBLE.a(l2cap.o) (linkDB_Init)
E:\Personal\A1-XC\EVT\KEYBOARD_CH582M\LIB\libCH58xBLE.a(sm.o)
                              E:\Personal\A1-XC\EVT\KEYBOARD_CH582M\LIB\libCH58xBLE.a(gap.o) (smFreePairingParams)
E:\Personal\A1-XC\EVT\KEYBOARD_CH582M\LIB\libCH58xBLE.a(sm_initiator.o)
                              E:\Personal\A1-XC\EVT\KEYBOARD_CH582M\LIB\libCH58xBLE.a(sm.o) (smInitiatorSendNextKeyInfo)
E:\Personal\A1-XC\EVT\KEYBOARD_CH582M\LIB\libCH58xBLE.a(sm_pdu.o)
                              E:\Personal\A1-XC\EVT\KEYBOARD_CH582M\LIB\libCH58xBLE.a(sm.o) (smpBuildPairingReq)
E:\Personal\A1-XC\EVT\KEYBOARD_CH582M\LIB\libCH58xBLE.a(sm_responding.o)
                              E:\Personal\A1-XC\EVT\KEYBOARD_CH582M\LIB\libCH58xBLE.a(sm.o) (smResponderSendNextKeyInfo)
E:\Personal\A1-XC\EVT\KEYBOARD_CH582M\LIB\libCH58xBLE.a(sm_toolbox.o)
                              E:\Personal\A1-XC\EVT\KEYBOARD_CH582M\LIB\libCH58xBLE.a(sm.o) (sm_ah)
E:\Personal\A1-XC\EVT\KEYBOARD_CH582M\LIB\libCH58xBLE.a(host_input.o)
                              E:\Personal\A1-XC\EVT\KEYBOARD_CH582M\LIB\libCH58xBLE.a(gap.o) (gBleHostPara)
E:\Personal\A1-XC\EVT\KEYBOARD_CH582M\LIB\libCH58xBLE.a(host_output.o)
                              E:\Personal\A1-XC\EVT\KEYBOARD_CH582M\LIB\libCH58xBLE.a(gap.o) (HCI_DisconnectCmd)
E:\Personal\A1-XC\EVT\KEYBOARD_CH582M\LIB\libCH58xBLE.a(ll_connect.o)
                              E:\Personal\A1-XC\EVT\KEYBOARD_CH582M\LIB\libCH58xBLE.a(tmos.o) (LL_GetNextConnectEventTime)
[...]
Memory Configuration

Name             Origin             Length             Attributes
FLASH            0x0000000000000000 0x0000000000060000 xr
RAM              0x0000000020000000 0x0000000000007ffc xrw
*default*        0x0000000000000000 0xffffffffffffffff

Linker script and memory map

LOAD ./StdPeriphDriver/CH58x_adc.o
LOAD ./StdPeriphDriver/CH58x_clk.o
LOAD ./StdPeriphDriver/CH58x_flash.o
LOAD ./StdPeriphDriver/CH58x_gpio.o
LOAD ./StdPeriphDriver/CH58x_i2c.o
LOAD ./StdPeriphDriver/CH58x_pwm.o
LOAD ./StdPeriphDriver/CH58x_pwr.o
LOAD ./StdPeriphDriver/CH58x_sys.o
LOAD ./StdPeriphDriver/CH58x_timer0.o
LOAD ./StdPeriphDriver/CH58x_timer1.o
LOAD ./StdPeriphDriver/CH58x_timer2.o
LOAD ./StdPeriphDriver/CH58x_uart0.o
LOAD ./StdPeriphDriver/CH58x_uart1.o
LOAD ./StdPeriphDriver/CH58x_uart2.o
LOAD ./StdPeriphDriver/CH58x_uart3.o
LOAD ./StdPeriphDriver/CH58x_usbdev.o
LOAD ./Startup/startup_CH583.o
LOAD ./RVMSIS/core_riscv.o
LOAD ./Profile/battservice.o
LOAD ./Profile/devinfoservice.o
LOAD ./Profile/hiddev.o
LOAD ./Profile/hidkbmservice.o
LOAD ./Profile/scanparamservice.o
LOAD ./Packages/FatFs/port/fatfs_usbd.o
LOAD ./Packages/FatFs/diskio.o
LOAD ./Packages/FatFs/ff.o
LOAD ./Packages/FatFs/fftools.o
LOAD ./Packages/FatFs/ffunicode.o
LOAD ./Packages/CherryUSB/core/usbd_core.o
LOAD ./Packages/CherryUSB/class/msc/usbd_msc.o
LOAD ./Packages/CherryUSB/class/hid/usbd_hid.o
LOAD ./Packages/CherryUSB/usb_ch58x_dc_usbfs.o
LOAD ./HAL/BATTERY.o
LOAD ./HAL/BLE.o
LOAD ./HAL/CORE.o
LOAD ./HAL/FATFS.o
LOAD ./HAL/HW_I2C.o
LOAD ./HAL/I2C_TP.o
LOAD ./HAL/KEYBOARD.o
LOAD ./HAL/MCU.o
LOAD ./HAL/MPR121.o
LOAD ./HAL/OLED.o
LOAD ./HAL/OLEDFONT.o
LOAD ./HAL/OLED_UI.o
LOAD ./HAL/OLED_UI_CFG.o
LOAD ./HAL/RF_PHY.o
LOAD ./HAL/RTC.o
LOAD ./HAL/SLEEP.o
LOAD ./HAL/USB.o
LOAD ./HAL/WS2812.o
LOAD ./APP/main.o
LOAD ./APP/snake.o
LOAD ./APP/tp78_via.o
LOAD E:\Personal\A1-XC\EVT\KEYBOARD_CH582M\StdPeriphDriver\libISP583.a
LOAD E:\Personal\A1-XC\EVT\KEYBOARD_CH582M\LIB\libTP78_TPM.a
LOAD E:\Personal\A1-XC\EVT\KEYBOARD_CH582M\LIB\libTP78_MPR121.a
LOAD E:\Personal\A1-XC\EVT\KEYBOARD_CH582M\LIB\libCH58xBLE.a
LOAD c:/mounriver/mounriver_studio/toolchain/risc-v embedded gcc12/bin/../lib/gcc/riscv-none-elf/12.2.0\libgcc.a
LOAD c:/mounriver/mounriver_studio/toolchain/risc-v embedded gcc12/bin/../lib/gcc/riscv-none-elf/12.2.0/../../../../riscv-none-elf/lib\libg_nano.a
LOAD c:/mounriver/mounriver_studio/toolchain/risc-v embedded gcc12/bin/../lib/gcc/riscv-none-elf/12.2.0/../../../../riscv-none-elf/lib\libc_nano.a
LOAD c:/mounriver/mounriver_studio/toolchain/risc-v embedded gcc12/bin/../lib/gcc/riscv-none-elf/12.2.0\libgcc.a
START GROUP
LOAD c:/mounriver/mounriver_studio/toolchain/risc-v embedded gcc12/bin/../lib/gcc/riscv-none-elf/12.2.0\libgcc.a
LOAD c:/mounriver/mounriver_studio/toolchain/risc-v embedded gcc12/bin/../lib/gcc/riscv-none-elf/12.2.0/../../../../riscv-none-elf/lib\libc_nano.a
LOAD c:/mounriver/mounriver_studio/toolchain/risc-v embedded gcc12/bin/../lib/gcc/riscv-none-elf/12.2.0/../../../../riscv-none-elf/lib\libnosys.a
END GROUP
START GROUP
LOAD c:/mounriver/mounriver_studio/toolchain/risc-v embedded gcc12/bin/../lib/gcc/riscv-none-elf/12.2.0\libgcc.a
LOAD c:/mounriver/mounriver_studio/toolchain/risc-v embedded gcc12/bin/../lib/gcc/riscv-none-elf/12.2.0/../../../../riscv-none-elf/lib\libc_nano.a
LOAD c:/mounriver/mounriver_studio/toolchain/risc-v embedded gcc12/bin/../lib/gcc/riscv-none-elf/12.2.0/../../../../riscv-none-elf/lib\libnosys.a
END GROUP

.init           0x0000000000000000        0x4
                0x0000000000000000                _sinit = .
                0x0000000000000000                . = ALIGN (0x4)
 *(SORT_NONE(.init))
 .init          0x0000000000000000        0x4 ./Startup/startup_CH583.o
                0x0000000000000000                _start
                0x0000000000000004                . = ALIGN (0x4)
                0x0000000000000004                _einit = .

.highcodelalign
                0x0000000000000004        0x0
                0x0000000000000004                . = ALIGN (0x4)
                0x0000000000000004                PROVIDE (_highcode_lma = .)

.highcode       0x0000000020000000     0x246c load address 0x0000000000000004
                0x0000000020000000                . = ALIGN (0x4)
                0x0000000020000000                PROVIDE (_highcode_vma_start = .)
 *(.vector)
 .vector        0x0000000020000000       0x90 ./Startup/startup_CH583.o
 *(SORT_NONE(.vector_handler))
 .vector_handler
                0x0000000020000090       0x36 ./Startup/startup_CH583.o
                0x0000000020000090                NMI_Handler
                0x0000000020000094                Ecall_M_Mode_Handler
                0x0000000020000096                Ecall_U_Mode_Handler
                0x0000000020000098                Break_Point_Handler
                0x000000002000009a                SysTick_Handler
                0x000000002000009c                SW_Handler
                0x000000002000009e                TMR0_IRQHandler
                0x00000000200000a4                SPI0_IRQHandler
                0x00000000200000a6                BB_IRQHandler
                0x00000000200000a8                LLE_IRQHandler
                0x00000000200000ac                USB2_IRQHandler
                0x00000000200000ae                TMR1_IRQHandler
                0x00000000200000b0                TMR2_IRQHandler
                0x00000000200000b2                UART0_IRQHandler
                0x00000000200000b4                UART1_IRQHandler
                0x00000000200000b8                ADC_IRQHandler
                0x00000000200000ba                I2C_IRQHandler
                0x00000000200000bc                PWMX_IRQHandler
                0x00000000200000be                TMR3_IRQHandler
                0x00000000200000c0                UART2_IRQHandler
                0x00000000200000c2                UART3_IRQHandler
                0x00000000200000c4                WDOG_BAT_IRQHandler
 *(.highcode)
 .highcode      0x00000000200000c6      0x104 ./StdPeriphDriver/CH58x_pwr.o
                0x00000000200000c6                LowPower_Idle
                0x0000000020000102                LowPower_Halt
 .highcode      0x00000000200001ca      0x22c ./StdPeriphDriver/CH58x_sys.o
                0x00000000200001ca                SetSysClock
                0x000000002000033e                SYS_ResetExecute
                0x000000002000037a                HardFault_Handler
                0x00000000200003c0                mDelayuS
                0x00000000200003ce                mDelaymS
 .highcode      0x00000000200003f6      0x36a ./Packages/CherryUSB/usb_ch58x_dc_usbfs.o
                0x00000000200003f6                USB_IRQHandler
 .highcode      0x0000000020000760       0x16 ./HAL/RTC.o
                0x0000000020000760                RTC_IRQHandler
 .highcode      0x0000000020000776       0x32 ./APP/main.o
                0x0000000020000776                Main_Circulation
                0x000000002000077e                GPIOA_IRQHandler
                0x00000000200007a4                GPIOB_IRQHandler
 .highcode      0x00000000200007a8      0x426 E:\Personal\A1-XC\EVT\KEYBOARD_CH582M\StdPeriphDriver\libISP583.a(ISP583.o)
                0x00000000200007a8                FLASH_ROM_BEG
                0x00000000200007ba                FLASH_ROM_END
                0x00000000200007c8                FLASH_ROM_IN
                0x00000000200007d6                FLASH_ROM_OUT
                0x00000000200007e4                FLASH_ROM_ADDR
                0x000000002000082c                FLASH_ROM_WAIT
                0x0000000020000864                FLASH_EEPROM_CMD
 .highcode      0x0000000020000bce      0x44c E:\Personal\A1-XC\EVT\KEYBOARD_CH582M\LIB\libCH58xBLE.a(tmos.o)
                0x0000000020000bce                tmos_memcpy
                0x0000000020000bee                tmos_memcpy_word
                0x0000000020000c06                tmos_memset
                0x0000000020000c18                tmos_strlen
                0x0000000020000c2c                tmos_memdup
                0x0000000020000c5e                tmos_memcmp
                0x0000000020000c8c                tmos_revmemcpy
                0x0000000020000ca8                tmos_isbufset
                0x0000000020000cca                tmos_proces_system_time
                0x0000000020000e14                TMOS_SystemProcess
 .highcode      0x000000002000101a       0x4c E:\Personal\A1-XC\EVT\KEYBOARD_CH582M\LIB\libCH58xBLE.a(tmos_hw.o)
                0x0000000020001064                TMOS_TimerIRQHandler
 .highcode      0x0000000020001066      0x2d2 E:\Personal\A1-XC\EVT\KEYBOARD_CH582M\LIB\libCH58xBLE.a(ll_connect.o)
                0x0000000020001066                ll_connect_send_data
                0x000000002000118e                ll_connect_recv_data
                0x000000002000126e                ll_connect_event_continue
 .highcode      0x0000000020001338      0x310 E:\Personal\A1-XC\EVT\KEYBOARD_CH582M\LIB\libCH58xBLE.a(ll_hop.o)
                0x0000000020001338                LL_HopGetChannel
                0x00000000200013de                LL_HopGetChannel2
 .highcode      0x0000000020001648       0x50 E:\Personal\A1-XC\EVT\KEYBOARD_CH582M\LIB\libCH58xBLE.a(ll_whitelist.o)
                0x0000000020001648                LL_WhitelistLookup
 .highcode      0x0000000020001698      0x1e0 E:\Personal\A1-XC\EVT\KEYBOARD_CH582M\LIB\libCH58xBLE.a(aes.o)
                0x0000000020001698                AES_DevAESEnc
 .highcode      0x0000000020001878      0x15a E:\Personal\A1-XC\EVT\KEYBOARD_CH582M\LIB\libCH58xBLE.a(bb.o)
                0x0000000020001878                BB_IRQLibHandler
                0x0000000020001988                BB_IRQLibFunction
 .highcode      0x00000000200019d2      0x3dc E:\Personal\A1-XC\EVT\KEYBOARD_CH582M\LIB\libCH58xBLE.a(ip.o)
                0x00000000200019d2                ll_rx_wait_finish
                0x0000000020001a10                ble_ll_chkcrc
                0x0000000020001ab2                ll_tx_wait_finish
                0x0000000020001bd6                BLE_CheckHoppingMap
 .highcode      0x0000000020001dae      0x23c E:\Personal\A1-XC\EVT\KEYBOARD_CH582M\LIB\libCH58xBLE.a(lle.o)
                0x0000000020001dae                LLE_IRQLibHandler
                0x0000000020001fa0                LLE_IRQLibFunction
 .highcode      0x0000000020001fea      0x1be E:\Personal\A1-XC\EVT\KEYBOARD_CH582M\LIB\libCH58xBLE.a(rf_fh.o)
                0x0000000020001fea                RF_HopGetChannel
                0x0000000020002058                RF_FrequencyHoppingGet
                0x000000002000210e                RF_FrequencyHoppingChange
 .highcode      0x00000000200021a8       0x30 E:\Personal\A1-XC\EVT\KEYBOARD_CH582M\LIB\libCH58xBLE.a(rfend.o)
                0x00000000200021a8                RFEND_WaitTune
 .highcode      0x00000000200021d8      0x1ba E:\Personal\A1-XC\EVT\KEYBOARD_CH582M\LIB\libCH58xBLE.a(memory.o)
                0x00000000200021d8                tmos_memory_allocate
                0x00000000200022aa                tmos_memory_free
 .highcode      0x0000000020002392       0xd8 E:\Personal\A1-XC\EVT\KEYBOARD_CH582M\LIB\libCH58xBLE.a(ll_resolvinglist.o)
                0x0000000020002392                LL_ResolvinglistPeerIdentifyAddressGetIrk
                0x00000000200023e6                LL_ResolvinglistPeerRpaAddressGetIrk
                0x0000000020002428                LL_ResolvinglistLocalRpaAddressGetIrk
 *(.highcode.*)
                0x000000002000246c                . = ALIGN (0x4)
 *fill*         0x000000002000246a        0x2 
                0x000000002000246c                PROVIDE (_highcode_vma_end = .)

.text           0x0000000000002470    0x32668
                0x0000000000002470                . = ALIGN (0x4)
 *(SORT_NONE(.handle_reset))
 .handle_reset  0x0000000000002470       0xae ./Startup/startup_CH583.o
                0x0000000000002470                handle_reset
 *(.text)
 .text          0x000000000000251e     0x1090 E:\Personal\A1-XC\EVT\KEYBOARD_CH582M\LIB\libTP78_MPR121.a(TP78_MPR121_LIB.o)
                0x0000000000002da0                MPR121_lib_init
                0x0000000000002e2a                MPR121_get_result
                0x0000000000002e58                MPR121_set_result
                0x0000000000002eda                MPR121_update_data
                0x0000000000002f24                MPR121_alg_judge_touchbar
 .text          0x00000000000035ae       0x16 c:/mounriver/mounriver_studio/toolchain/risc-v embedded gcc12/bin/../lib/gcc/riscv-none-elf/12.2.0/../../../../riscv-none-elf/lib\libg_nano.a(lib_a-memcpy-asm.o)
                0x00000000000035ae                memcpy
 .text          0x00000000000035c4       0x26 c:/mounriver/mounriver_studio/toolchain/risc-v embedded gcc12/bin/../lib/gcc/riscv-none-elf/12.2.0/../../../../riscv-none-elf/lib\libg_nano.a(lib_a-memmove.o)
                0x00000000000035c4                memmove
 .text          0x00000000000035ea       0x10 c:/mounriver/mounriver_studio/toolchain/risc-v embedded gcc12/bin/../lib/gcc/riscv-none-elf/12.2.0/../../../../riscv-none-elf/lib\libg_nano.a(lib_a-memset.o)
                0x00000000000035ea                memset
 .text          0x00000000000035fa       0x18 c:/mounriver/mounriver_studio/toolchain/risc-v embedded gcc12/bin/../lib/gcc/riscv-none-elf/12.2.0/../../../../riscv-none-elf/lib\libg_nano.a(lib_a-strcmp.o)
                0x00000000000035fa                strcmp
 *(.text.*)
 .text.ADC_ExtSingleChSampInit
                0x0000000000003612       0x24 ./StdPeriphDriver/CH58x_adc.o
                0x0000000000003612                ADC_ExtSingleChSampInit
 .text.ADC_InterTSSampInit
                0x0000000000003636       0x28 ./StdPeriphDriver/CH58x_adc.o
                0x0000000000003636                ADC_InterTSSampInit
 .text.HSECFG_Current
                0x000000000000365e       0x2e ./StdPeriphDriver/CH58x_clk.o
                0x000000000000365e                HSECFG_Current
 .text.RTC_GetCycle32k
                0x000000000000368c       0x18 ./StdPeriphDriver/CH58x_clk.o
                0x000000000000368c                RTC_GetCycle32k
 .text.Calibration_LSI
                0x00000000000036a4      0x4dc ./StdPeriphDriver/CH58x_clk.o
                0x00000000000036a4                Calibration_LSI
 .text.GPIOA_ModeCfg
                0x0000000000003b80       0x9e ./StdPeriphDriver/CH58x_gpio.o
                0x0000000000003b80                GPIOA_ModeCfg
 .text.GPIOB_ModeCfg
                0x0000000000003c1e       0x9e ./StdPeriphDriver/CH58x_gpio.o
                0x0000000000003c1e                GPIOB_ModeCfg
 .text.GPIOA_ITModeCfg
                0x0000000000003cbc       0x76 ./StdPeriphDriver/CH58x_gpio.o
                0x0000000000003cbc                GPIOA_ITModeCfg
 .text.I2C_Cmd  0x0000000000003d32       0x20 ./StdPeriphDriver/CH58x_i2c.o
                0x0000000000003d32                I2C_Cmd
 .text.I2C_GenerateSTART
                0x0000000000003d52       0x22 ./StdPeriphDriver/CH58x_i2c.o
                0x0000000000003d52                I2C_GenerateSTART
 .text.I2C_GenerateSTOP
                0x0000000000003d74       0x22 ./StdPeriphDriver/CH58x_i2c.o
                0x0000000000003d74                I2C_GenerateSTOP
 .text.I2C_AcknowledgeConfig
                0x0000000000003d96       0x22 ./StdPeriphDriver/CH58x_i2c.o
                0x0000000000003d96                I2C_AcknowledgeConfig
 .text.I2C_SendData
                0x0000000000003db8        0xa ./StdPeriphDriver/CH58x_i2c.o
                0x0000000000003db8                I2C_SendData
 .text.I2C_ReceiveData
                0x0000000000003dc2        0xe ./StdPeriphDriver/CH58x_i2c.o
                0x0000000000003dc2                I2C_ReceiveData
 .text.I2C_Send7bitAddress
                0x0000000000003dd0       0x14 ./StdPeriphDriver/CH58x_i2c.o
                0x0000000000003dd0                I2C_Send7bitAddress
 .text.I2C_SoftwareResetCmd
                0x0000000000003de4       0x1a ./StdPeriphDriver/CH58x_i2c.o
                0x0000000000003de4                I2C_SoftwareResetCmd
 .text.I2C_Init
                0x0000000000003dfe      0x16c ./StdPeriphDriver/CH58x_i2c.o
                0x0000000000003dfe                I2C_Init
 .text.I2C_CheckEvent
                0x0000000000003f6a       0x20 ./StdPeriphDriver/CH58x_i2c.o
                0x0000000000003f6a                I2C_CheckEvent
 .text.I2C_GetFlagStatus
                0x0000000000003f8a       0x3c ./StdPeriphDriver/CH58x_i2c.o
                0x0000000000003f8a                I2C_GetFlagStatus
 .text.GetSysClock
                0x0000000000003fc6       0x40 ./StdPeriphDriver/CH58x_sys.o
                0x0000000000003fc6                GetSysClock
 .text.SYS_DisableAllIrq
                0x0000000000004006       0x1c ./StdPeriphDriver/CH58x_sys.o
                0x0000000000004006                SYS_DisableAllIrq
 .text.SYS_RecoverIrq
                0x0000000000004022       0x14 ./StdPeriphDriver/CH58x_sys.o
                0x0000000000004022                SYS_RecoverIrq
 .text.SYS_GetSysTickCnt
                0x0000000000004036        0xa ./StdPeriphDriver/CH58x_sys.o
                0x0000000000004036                SYS_GetSysTickCnt
 .text.TMR1_PWMInit
                0x0000000000004040       0x18 ./StdPeriphDriver/CH58x_timer1.o
                0x0000000000004040                TMR1_PWMInit
 .text.TMR1_DMACfg
                0x0000000000004058       0x20 ./StdPeriphDriver/CH58x_timer1.o
                0x0000000000004058                TMR1_DMACfg
 .text.battMeasure
                0x0000000000004078       0x7e ./Profile/battservice.o
 .text.battReadAttrCB
                0x00000000000040f6       0x7a ./Profile/battservice.o
 .text.battWriteAttrCB
                0x0000000000004170       0x58 ./Profile/battservice.o
 .text.battNotifyCB
                0x00000000000041c8       0x72 ./Profile/battservice.o
 .text.Batt_AddService
                0x000000000000423a       0x2c ./Profile/battservice.o
                0x000000000000423a                Batt_AddService
 .text.Batt_Register
                0x0000000000004266        0x6 ./Profile/battservice.o
                0x0000000000004266                Batt_Register
 .text.Batt_SetParameter
                0x000000000000426c       0x3a ./Profile/battservice.o
                0x000000000000426c                Batt_SetParameter
 .text.Batt_GetParameter
                0x00000000000042a6       0x66 ./Profile/battservice.o
                0x00000000000042a6                Batt_GetParameter
 .text.Batt_MeasLevel
                0x000000000000430c       0x2e ./Profile/battservice.o
                0x000000000000430c                Batt_MeasLevel
 .text.Batt_HandleConnStatusCB
                0x000000000000433a       0x3e ./Profile/battservice.o
                0x000000000000433a                Batt_HandleConnStatusCB
 .text.devInfo_ReadAttrCB
                0x0000000000004378      0x192 ./Profile/devinfoservice.o
 .text.DevInfo_AddService
                0x000000000000450a       0x18 ./Profile/devinfoservice.o
                0x000000000000450a                DevInfo_AddService
 .text.hidDevParamUpdateCB
                0x0000000000004522        0x2 ./Profile/hiddev.o
 .text.hidDevScanParamCB
                0x0000000000004524        0x2 ./Profile/hiddev.o
 .text.hidDevRptByHandle
                0x0000000000004526       0x2e ./Profile/hiddev.o
 .text.hidDevInitialAdvertising
                0x0000000000004554       0x3c ./Profile/hiddev.o
 .text.hidDevBattCB
                0x0000000000004590       0x28 ./Profile/hiddev.o
 .text.hidDevPairStateCB
                0x00000000000045b8       0x6a ./Profile/hiddev.o
 .text.hidDevPasscodeCB
                0x0000000000004622       0x36 ./Profile/hiddev.o
 .text.HidDev_ProcessEvent
                0x0000000000004658       0x6e ./Profile/hiddev.o
                0x0000000000004658                HidDev_ProcessEvent
 .text.hidDevGapStateCB
                0x00000000000046c6      0x126 ./Profile/hiddev.o
 .text.HidDev_Init
                0x00000000000047ec       0x64 ./Profile/hiddev.o
                0x00000000000047ec                HidDev_Init
 .text.HidDev_Register
                0x0000000000004850        0xa ./Profile/hiddev.o
                0x0000000000004850                HidDev_Register
 .text.HidDev_RegisterReports
                0x000000000000485a        0xa ./Profile/hiddev.o
                0x000000000000485a                HidDev_RegisterReports
 .text.HidDev_Report
                0x0000000000004864      0x112 ./Profile/hiddev.o
                0x0000000000004864                HidDev_Report
 .text.HidDev_ReadAttrCB
                0x0000000000004976      0x10c ./Profile/hiddev.o
                0x0000000000004976                HidDev_ReadAttrCB
 .text.HidDev_WriteAttrCB
                0x0000000000004a82      0x138 ./Profile/hiddev.o
                0x0000000000004a82                HidDev_WriteAttrCB
 .text.Hid_AddService
                0x0000000000004bba      0x15c ./Profile/hidkbmservice.o
                0x0000000000004bba                Hid_AddService
 .text.Hid_SetParameter
                0x0000000000004d16       0x58 ./Profile/hidkbmservice.o
                0x0000000000004d16                Hid_SetParameter
 .text.Hid_GetParameter
                0x0000000000004d6e       0x3e ./Profile/hidkbmservice.o
                0x0000000000004d6e                Hid_GetParameter
 .text.scanParamReadAttrCB
                0x0000000000004dac        0x4 ./Profile/scanparamservice.o
 .text.scanParamWriteAttrCB
                0x0000000000004db0       0x64 ./Profile/scanparamservice.o
 .text.ScanParam_AddService
                0x0000000000004e14       0x2c ./Profile/scanparamservice.o
                0x0000000000004e14                ScanParam_AddService
 .text.ScanParam_Register
                0x0000000000004e40        0x6 ./Profile/scanparamservice.o
                0x0000000000004e40                ScanParam_Register
 .text.ScanParam_RefreshNotify
                0x0000000000004e46       0x58 ./Profile/scanparamservice.o
                0x0000000000004e46                ScanParam_RefreshNotify
 .text.ScanParam_HandleConnStatusCB
                0x0000000000004e9e       0x3e ./Profile/scanparamservice.o
                0x0000000000004e9e                ScanParam_HandleConnStatusCB
 .text.USB_disk_status
                0x0000000000004edc        0x4 ./Packages/FatFs/port/fatfs_usbd.o
                0x0000000000004edc                USB_disk_status
 .text.USB_disk_initialize
                0x0000000000004ee0        0x4 ./Packages/FatFs/port/fatfs_usbd.o
                0x0000000000004ee0                USB_disk_initialize
 .text.USB_disk_read
                0x0000000000004ee4       0x1c ./Packages/FatFs/port/fatfs_usbd.o
                0x0000000000004ee4                USB_disk_read
 .text.USB_disk_write
                0x0000000000004f00       0x42 ./Packages/FatFs/port/fatfs_usbd.o
                0x0000000000004f00                USB_disk_write
 .text.USB_disk_ioctl
                0x0000000000004f42       0x2e ./Packages/FatFs/port/fatfs_usbd.o
                0x0000000000004f42                USB_disk_ioctl
 .text.disk_status
                0x0000000000004f70       0x16 ./Packages/FatFs/diskio.o
                0x0000000000004f70                disk_status
 .text.disk_initialize
                0x0000000000004f86       0x16 ./Packages/FatFs/diskio.o
                0x0000000000004f86                disk_initialize
 .text.disk_read
                0x0000000000004f9c       0x12 ./Packages/FatFs/diskio.o
                0x0000000000004f9c                disk_read
 .text.disk_write
                0x0000000000004fae       0x12 ./Packages/FatFs/diskio.o
                0x0000000000004fae                disk_write
 .text.disk_ioctl
                0x0000000000004fc0        0xe ./Packages/FatFs/diskio.o
                0x0000000000004fc0                disk_ioctl
 .text.get_fattime
                0x0000000000004fce        0x4 ./Packages/FatFs/diskio.o
                0x0000000000004fce                get_fattime
 .text.ld_dword
                0x0000000000004fd2       0x1e ./Packages/FatFs/ff.o
 .text.st_dword
                0x0000000000004ff0       0x1c ./Packages/FatFs/ff.o
 .text.mem_set  0x000000000000500c        0xe ./Packages/FatFs/ff.o
 .text.clst2sect
                0x000000000000501a       0x1e ./Packages/FatFs/ff.o
 .text.sum_sfn  0x0000000000005038       0x22 ./Packages/FatFs/ff.o
 .text.get_ldnumber
                0x000000000000505a       0x3e ./Packages/FatFs/ff.o
 .text.validate
                0x0000000000005098       0x42 ./Packages/FatFs/ff.o
 .text.sync_window
                0x00000000000050da       0x5c ./Packages/FatFs/ff.o
 .text.mem_cpy.part.0
                0x0000000000005136       0x1a ./Packages/FatFs/ff.o
 .text.st_clust
                0x0000000000005150       0x28 ./Packages/FatFs/ff.o
 .text.move_window
                0x0000000000005178       0x3a ./Packages/FatFs/ff.o
 .text.check_fs
                0x00000000000051b2      0x10c ./Packages/FatFs/ff.o
 .text.put_fat  0x00000000000052be      0x130 ./Packages/FatFs/ff.o
 .text.dir_clear
                0x00000000000053ee       0x66 ./Packages/FatFs/ff.o
 .text.sync_fs  0x0000000000005454       0xac ./Packages/FatFs/ff.o
 .text.mount_volume
                0x0000000000005500      0x2dc ./Packages/FatFs/ff.o
 .text.ld_clust.isra.0
                0x00000000000057dc       0x28 ./Packages/FatFs/ff.o
 .text.get_fat.isra.0
                0x0000000000005804       0xdc ./Packages/FatFs/ff.o
 .text.remove_chain
                0x00000000000058e0       0x92 ./Packages/FatFs/ff.o
 .text.create_chain
                0x0000000000005972      0x10e ./Packages/FatFs/ff.o
 .text.dir_next
                0x0000000000005a80       0xd0 ./Packages/FatFs/ff.o
 .text.dir_sdi  0x0000000000005b50       0xc4 ./Packages/FatFs/ff.o
 .text.dir_find
                0x0000000000005c14      0x1da ./Packages/FatFs/ff.o
 .text.dir_register
                0x0000000000005dee      0x2f2 ./Packages/FatFs/ff.o
 .text.follow_path
                0x00000000000060e0      0x3ba ./Packages/FatFs/ff.o
 .text.f_mount  0x000000000000649a       0x50 ./Packages/FatFs/ff.o
                0x000000000000649a                f_mount
 .text.f_open   0x00000000000064ea      0x238 ./Packages/FatFs/ff.o
                0x00000000000064ea                f_open
 .text.f_read   0x0000000000006722      0x196 ./Packages/FatFs/ff.o
                0x0000000000006722                f_read
 .text.f_write  0x00000000000068b8      0x1de ./Packages/FatFs/ff.o
                0x00000000000068b8                f_write
 .text.f_sync   0x0000000000006a96       0xb6 ./Packages/FatFs/ff.o
                0x0000000000006a96                f_sync
 .text.f_close  0x0000000000006b4c       0x22 ./Packages/FatFs/ff.o
                0x0000000000006b4c                f_close
 .text.f_lseek  0x0000000000006b6e      0x182 ./Packages/FatFs/ff.o
                0x0000000000006b6e                f_lseek
 .text.f_mkfs   0x0000000000006cf0      0x794 ./Packages/FatFs/ff.o
                0x0000000000006cf0                f_mkfs
 .text.ff_uni2oem
                0x0000000000007484       0x6c ./Packages/FatFs/ffunicode.o
                0x0000000000007484                ff_uni2oem
 .text.ff_oem2uni
                0x00000000000074f0       0x58 ./Packages/FatFs/ffunicode.o
                0x00000000000074f0                ff_oem2uni
 .text.ff_wtoupper
                0x0000000000007548       0xa4 ./Packages/FatFs/ffunicode.o
                0x0000000000007548                ff_wtoupper
 .text.usbd_class_event_notify_handler
                0x00000000000075ec       0x2e ./Packages/CherryUSB/core/usbd_core.o
 .text.usbd_set_endpoint
                0x000000000000761a       0x6a ./Packages/CherryUSB/core/usbd_core.o
 .text.usbd_event_ep0_in_complete_handler
                0x0000000000007684       0x46 ./Packages/CherryUSB/core/usbd_core.o
                0x0000000000007684                usbd_event_ep0_in_complete_handler
 .text.usbd_print_setup.constprop.0
                0x00000000000076ca       0x44 ./Packages/CherryUSB/core/usbd_core.o
 .text.usbd_setup_request_handler.constprop.0
                0x000000000000770e      0x5ce ./Packages/CherryUSB/core/usbd_core.o
 .text.usbd_event_ep0_out_complete_handler
                0x0000000000007cdc       0x4a ./Packages/CherryUSB/core/usbd_core.o
                0x0000000000007cdc                usbd_event_ep0_out_complete_handler
 .text.usbd_event_reset_handler
                0x0000000000007d26       0x36 ./Packages/CherryUSB/core/usbd_core.o
                0x0000000000007d26                usbd_event_reset_handler
 .text.usbd_event_ep0_setup_complete_handler
                0x0000000000007d5c       0xfa ./Packages/CherryUSB/core/usbd_core.o
                0x0000000000007d5c                usbd_event_ep0_setup_complete_handler
 .text.usbd_event_ep_in_complete_handler
                0x0000000000007e56       0x18 ./Packages/CherryUSB/core/usbd_core.o
                0x0000000000007e56                usbd_event_ep_in_complete_handler
 .text.usbd_event_ep_out_complete_handler
                0x0000000000007e6e       0x18 ./Packages/CherryUSB/core/usbd_core.o
                0x0000000000007e6e                usbd_event_ep_out_complete_handler
 .text.usbd_desc_register
                0x0000000000007e86       0x34 ./Packages/CherryUSB/core/usbd_core.o
                0x0000000000007e86                usbd_desc_register
 .text.usbd_add_interface
                0x0000000000007eba       0x24 ./Packages/CherryUSB/core/usbd_core.o
                0x0000000000007eba                usbd_add_interface
 .text.usbd_add_endpoint
                0x0000000000007ede       0x34 ./Packages/CherryUSB/core/usbd_core.o
                0x0000000000007ede                usbd_add_endpoint
 .text.usb_device_is_configured
                0x0000000000007f12        0x6 ./Packages/CherryUSB/core/usbd_core.o
                0x0000000000007f12                usb_device_is_configured
 .text.usbd_initialize
                0x0000000000007f18        0x4 ./Packages/CherryUSB/core/usbd_core.o
                0x0000000000007f18                usbd_initialize
 .text.SCSI_SetSenseData
                0x0000000000007f1c       0x18 ./Packages/CherryUSB/class/msc/usbd_msc.o
 .text.SCSI_processRead
                0x0000000000007f34       0x7a ./Packages/CherryUSB/class/msc/usbd_msc.o
 .text.usbd_msc_send_csw
                0x0000000000007fae       0x24 ./Packages/CherryUSB/class/msc/usbd_msc.o
 .text.msc_storage_class_interface_request_handler
                0x0000000000007fd2       0x6a ./Packages/CherryUSB/class/msc/usbd_msc.o
 .text.mass_storage_bulk_in
                0x000000000000803c       0x56 ./Packages/CherryUSB/class/msc/usbd_msc.o
                0x000000000000803c                mass_storage_bulk_in
 .text.msc_storage_notify_handler
                0x0000000000008092       0x26 ./Packages/CherryUSB/class/msc/usbd_msc.o
                0x0000000000008092                msc_storage_notify_handler
 .text.mass_storage_bulk_out
                0x00000000000080b8      0x54c ./Packages/CherryUSB/class/msc/usbd_msc.o
                0x00000000000080b8                mass_storage_bulk_out
 .text.usbd_msc_init_intf
                0x0000000000008604       0xae ./Packages/CherryUSB/class/msc/usbd_msc.o
                0x0000000000008604                usbd_msc_init_intf
 .text.usbd_hid_init_intf
                0x00000000000086b2       0x1c ./Packages/CherryUSB/class/hid/usbd_hid.o
                0x00000000000086b2                usbd_hid_init_intf
 .text.usbh_hid_get_report
                0x00000000000086ce        0x4 ./Packages/CherryUSB/class/hid/usbd_hid.o
                0x00000000000086ce                usbh_hid_get_report
 .text.usbh_hid_get_idle
                0x00000000000086d2        0x4 ./Packages/CherryUSB/class/hid/usbd_hid.o
                0x00000000000086d2                usbh_hid_get_idle
 .text.usbh_hid_get_protocol
                0x00000000000086d6        0x4 ./Packages/CherryUSB/class/hid/usbd_hid.o
                0x00000000000086d6                usbh_hid_get_protocol
 .text.hid_class_interface_request_handler
                0x00000000000086da       0xc6 ./Packages/CherryUSB/class/hid/usbd_hid.o
 .text.usbd_set_address
                0x00000000000087a0       0x1a ./Packages/CherryUSB/usb_ch58x_dc_usbfs.o
                0x00000000000087a0                usbd_set_address
 .text.usbd_ep_open
                0x00000000000087ba       0x90 ./Packages/CherryUSB/usb_ch58x_dc_usbfs.o
                0x00000000000087ba                usbd_ep_open
 .text.usbd_ep_close
                0x000000000000884a       0x26 ./Packages/CherryUSB/usb_ch58x_dc_usbfs.o
                0x000000000000884a                usbd_ep_close
 .text.usbd_ep_start_write
                0x0000000000008870      0x130 ./Packages/CherryUSB/usb_ch58x_dc_usbfs.o
                0x0000000000008870                usbd_ep_start_write
 .text.usbd_ep_start_read
                0x00000000000089a0       0x9a ./Packages/CherryUSB/usb_ch58x_dc_usbfs.o
                0x00000000000089a0                usbd_ep_start_read
 .text.usbd_ep_set_stall
                0x0000000000008a3a       0x3e ./Packages/CherryUSB/usb_ch58x_dc_usbfs.o
                0x0000000000008a3a                usbd_ep_set_stall
 .text.usbd_ep_clear_stall
                0x0000000000008a78       0x42 ./Packages/CherryUSB/usb_ch58x_dc_usbfs.o
                0x0000000000008a78                usbd_ep_clear_stall
 .text.usb_dc_init
                0x0000000000008aba       0xce ./Packages/CherryUSB/usb_ch58x_dc_usbfs.o
                0x0000000000008aba                usb_dc_init
 .text.BATTERY_DMA_ENABLE
                0x0000000000008b88       0x1e ./HAL/BATTERY.o
                0x0000000000008b88                BATTERY_DMA_ENABLE
 .text.BATTERY_Init
                0x0000000000008ba6       0x70 ./HAL/BATTERY.o
                0x0000000000008ba6                BATTERY_Init
 .text.BATTERY_ADC_Calculation
                0x0000000000008c16       0x40 ./HAL/BATTERY.o
                0x0000000000008c16                BATTERY_ADC_Calculation
 .text.BATTERY_DrawBMP
                0x0000000000008c56       0x94 ./HAL/BATTERY.o
                0x0000000000008c56                BATTERY_DrawBMP
 .text.hidEmuEvtCB
                0x0000000000008cea        0x2 ./HAL/BLE.o
 .text.hidEmuStateCB
                0x0000000000008cec       0x68 ./HAL/BLE.o
 .text.HidEmu_ProcessEvent
                0x0000000000008d54      0x1b2 ./HAL/BLE.o
                0x0000000000008d54                HidEmu_ProcessEvent
 .text.hidEmuRptCB
                0x0000000000008f06       0x82 ./HAL/BLE.o
 .text.DATAFLASH_Read_DeviceID
                0x0000000000008f88       0x2c ./HAL/BLE.o
                0x0000000000008f88                DATAFLASH_Read_DeviceID
 .text.DATAFLASH_Write_DeviceID
                0x0000000000008fb4       0x18 ./HAL/BLE.o
                0x0000000000008fb4                DATAFLASH_Write_DeviceID
 .text.HidEmu_Init
                0x0000000000008fcc       0xea ./HAL/BLE.o
                0x0000000000008fcc                HidEmu_Init
 .text.TP78Reinit.part.0
                0x00000000000090b6       0xd4 ./HAL/CORE.o
 .text.APPJumpKBoot
                0x000000000000918a       0x18 ./HAL/CORE.o
                0x000000000000918a                APPJumpKBoot
 .text.SoftReset
                0x00000000000091a2        0x8 ./HAL/CORE.o
                0x00000000000091a2                SoftReset
 .text.TP78_TMOS_Start
                0x00000000000091aa       0x78 ./HAL/CORE.o
                0x00000000000091aa                TP78_TMOS_Start
 .text.TP78Reinit
                0x0000000000009222       0x78 ./HAL/CORE.o
                0x0000000000009222                TP78Reinit
 .text.GotoLowpower
                0x000000000000929a       0x54 ./HAL/CORE.o
                0x000000000000929a                GotoLowpower
 .text.HAL_Fs_Init
                0x00000000000092ee       0x84 ./HAL/FATFS.o
                0x00000000000092ee                HAL_Fs_Init
 .text.unsigned_dec_to_string
                0x0000000000009372       0x80 ./HAL/FATFS.o
                0x0000000000009372                unsigned_dec_to_string
 .text.string_dec_to_u8
                0x00000000000093f2       0x46 ./HAL/FATFS.o
                0x00000000000093f2                string_dec_to_u8
 .text.string_dec_to_u16
                0x0000000000009438       0x46 ./HAL/FATFS.o
                0x0000000000009438                string_dec_to_u16
 .text.HAL_Fs_Create_readme
                0x000000000000947e       0xaa ./HAL/FATFS.o
                0x000000000000947e                HAL_Fs_Create_readme
 .text.HAL_Fs_Create_keyboard_cfg
                0x0000000000009528       0xa6 ./HAL/FATFS.o
                0x0000000000009528                HAL_Fs_Create_keyboard_cfg
 .text.HAL_Fs_Write_keyboard_cfg
                0x00000000000095ce       0xf0 ./HAL/FATFS.o
                0x00000000000095ce                HAL_Fs_Write_keyboard_cfg
 .text.HAL_Fs_Read_keyboard_cfg
                0x00000000000096be       0xcc ./HAL/FATFS.o
                0x00000000000096be                HAL_Fs_Read_keyboard_cfg
 .text.HAL_Fs_Write_keyboard_spkey
                0x000000000000978a       0xde ./HAL/FATFS.o
                0x000000000000978a                HAL_Fs_Write_keyboard_spkey
 .text.HAL_Fs_Read_keyboard_spkey
                0x0000000000009868       0xd8 ./HAL/FATFS.o
                0x0000000000009868                HAL_Fs_Read_keyboard_spkey
 .text.HAL_Fs_Write_keyboard_mat
                0x0000000000009940       0xda ./HAL/FATFS.o
                0x0000000000009940                HAL_Fs_Write_keyboard_mat
 .text.HAL_Fs_Read_keyboard_mat
                0x0000000000009a1a       0xd4 ./HAL/FATFS.o
                0x0000000000009a1a                HAL_Fs_Read_keyboard_mat
 .text.HW_I2C_WaitUntilTimeout
                0x0000000000009aee       0x46 ./HAL/HW_I2C.o
                0x0000000000009aee                HW_I2C_WaitUntilTimeout
 .text.HW_I2C_Init
                0x0000000000009b34       0x30 ./HAL/HW_I2C.o
                0x0000000000009b34                HW_I2C_Init
 .text.HW_I2C_WR_Reg
                0x0000000000009b64       0xbc ./HAL/HW_I2C.o
                0x0000000000009b64                HW_I2C_WR_Reg
 .text.HW_I2C_RD_Reg
                0x0000000000009c20      0x11c ./HAL/HW_I2C.o
                0x0000000000009c20                HW_I2C_RD_Reg
 .text.HW_I2C_Muti_RD_Reg
                0x0000000000009d3c      0x144 ./HAL/HW_I2C.o
                0x0000000000009d3c                HW_I2C_Muti_RD_Reg
 .text.I2C_TP_SendCommand_Sleep
                0x0000000000009e80       0xee ./HAL/I2C_TP.o
                0x0000000000009e80                I2C_TP_SendCommand_Sleep
 .text.I2C_TP_SendCommand_Wakeup
                0x0000000000009f6e       0xee ./HAL/I2C_TP.o
                0x0000000000009f6e                I2C_TP_SendCommand_Wakeup
 .text.I2C_TP_SendCommand_Reset
                0x000000000000a05c      0x16e ./HAL/I2C_TP.o
                0x000000000000a05c                I2C_TP_SendCommand_Reset
 .text.I2C_TP_Init
                0x000000000000a1ca       0x32 ./HAL/I2C_TP.o
                0x000000000000a1ca                I2C_TP_Init
 .text.I2C_TP_ReadPacket
                0x000000000000a1fc      0x1ba ./HAL/I2C_TP.o
                0x000000000000a1fc                I2C_TP_ReadPacket
 .text.DATAFLASH_Read_KeyArray
                0x000000000000a3b6       0x28 ./HAL/KEYBOARD.o
                0x000000000000a3b6                DATAFLASH_Read_KeyArray
 .text.DATAFLASH_Write_KeyArray
                0x000000000000a3de       0x28 ./HAL/KEYBOARD.o
                0x000000000000a3de                DATAFLASH_Write_KeyArray
 .text.KEYBOARD_Reset
                0x000000000000a406       0x74 ./HAL/KEYBOARD.o
                0x000000000000a406                KEYBOARD_Reset
 .text.KEYBOARD_ChangeKey
                0x000000000000a47a       0x28 ./HAL/KEYBOARD.o
                0x000000000000a47a                KEYBOARD_ChangeKey
 .text.KEYBOARD_Custom_Function
                0x000000000000a4a2      0x7dc ./HAL/KEYBOARD.o
                0x000000000000a4a2                KEYBOARD_Custom_Function
 .text.KEYBOARD_Init
                0x000000000000ac7e       0x84 ./HAL/KEYBOARD.o
                0x000000000000ac7e                KEYBOARD_Init
 .text.KEYBOARD_Detection
                0x000000000000ad02      0x512 ./HAL/KEYBOARD.o
                0x000000000000ad02                KEYBOARD_Detection
 .text.KEYBOARD_EnterNumber
                0x000000000000b214      0x13c ./HAL/KEYBOARD.o
                0x000000000000b214                KEYBOARD_EnterNumber
 .text.TP78_Idle_Clr
                0x000000000000b350       0x26 ./HAL/MCU.o
 .text.Lib_Calibration_LSI
                0x000000000000b376       0x1c ./HAL/MCU.o
                0x000000000000b376                Lib_Calibration_LSI
 .text.Lib_Read_Flash
                0x000000000000b392       0x1c ./HAL/MCU.o
                0x000000000000b392                Lib_Read_Flash
 .text.Lib_Write_Flash
                0x000000000000b3ae       0x3c ./HAL/MCU.o
                0x000000000000b3ae                Lib_Write_Flash
 .text.HAL_GetInterTempValue
                0x000000000000b3ea       0x72 ./HAL/MCU.o
                0x000000000000b3ea                HAL_GetInterTempValue
 .text.OnBoard_SendMsg
                0x000000000000b45c       0x4a ./HAL/MCU.o
                0x000000000000b45c                OnBoard_SendMsg
 .text.HID_KEYBOARD_Process
                0x000000000000b4a6      0x19e ./HAL/MCU.o
                0x000000000000b4a6                HID_KEYBOARD_Process
 .text.HID_I2CTP_Process
                0x000000000000b644       0xf6 ./HAL/MCU.o
                0x000000000000b644                HID_I2CTP_Process
 .text.HID_VOL_Process
                0x000000000000b73a       0x54 ./HAL/MCU.o
                0x000000000000b73a                HID_VOL_Process
 .text.SW_PaintedEgg_Process
                0x000000000000b78e       0xd4 ./HAL/MCU.o
                0x000000000000b78e                SW_PaintedEgg_Process
 .text.SW_OLED_LEDStatus_Process
                0x000000000000b862      0x136 ./HAL/MCU.o
                0x000000000000b862                SW_OLED_LEDStatus_Process
 .text.SW_OLED_ConnectionStatus_Process
                0x000000000000b998      0x14a ./HAL/MCU.o
                0x000000000000b998                SW_OLED_ConnectionStatus_Process
 .text.HW_Battery_Process
                0x000000000000bae2       0x38 ./HAL/MCU.o
                0x000000000000bae2                HW_Battery_Process
 .text.HW_WS2812_Process
                0x000000000000bb1a        0x4 ./HAL/MCU.o
                0x000000000000bb1a                HW_WS2812_Process
 .text.HW_TouchBar_Process
                0x000000000000bb1e       0x6e ./HAL/MCU.o
                0x000000000000bb1e                HW_TouchBar_Process
 .text.HAL_ProcessEvent
                0x000000000000bb8c      0x276 ./HAL/MCU.o
                0x000000000000bb8c                HAL_ProcessEvent
 .text.CH58X_BLEInit
                0x000000000000be02      0x154 ./HAL/MCU.o
                0x000000000000be02                CH58X_BLEInit
 .text.FLASH_Init
                0x000000000000bf56      0x130 ./HAL/MCU.o
                0x000000000000bf56                FLASH_Init
 .text.HAL_Init
                0x000000000000c086       0xee ./HAL/MCU.o
                0x000000000000c086                HAL_Init
 .text.DATAFLASH_Read_MPR121_ALG_Parameter
                0x000000000000c174       0x50 ./HAL/MPR121.o
                0x000000000000c174                DATAFLASH_Read_MPR121_ALG_Parameter
 .text.DATAFLASH_Read_MPR121_FUN_Parameter
                0x000000000000c1c4       0x30 ./HAL/MPR121.o
                0x000000000000c1c4                DATAFLASH_Read_MPR121_FUN_Parameter
 .text.MPR121_GPIO_Init
                0x000000000000c1f4       0x18 ./HAL/MPR121.o
                0x000000000000c1f4                MPR121_GPIO_Init
 .text.MPR121_Init
                0x000000000000c20c       0x4a ./HAL/MPR121.o
                0x000000000000c20c                MPR121_Init
 .text.MPR121_Post_Operation
                0x000000000000c256      0x10c ./HAL/MPR121.o
                0x000000000000c256                MPR121_Post_Operation
 .text.OLED_Set_Pos
                0x000000000000c362       0x4a ./HAL/OLED.o
                0x000000000000c362                OLED_Set_Pos
 .text.OLED_Clear
                0x000000000000c3ac       0x66 ./HAL/OLED.o
                0x000000000000c3ac                OLED_Clear
 .text.OLED_ShowChar
                0x000000000000c412       0x66 ./HAL/OLED.o
                0x000000000000c412                OLED_ShowChar
 .text.OLED_ShowString
                0x000000000000c478       0x56 ./HAL/OLED.o
                0x000000000000c478                OLED_ShowString
 .text.OLED_ShowString_f
                0x000000000000c4ce       0xb4 ./HAL/OLED.o
                0x000000000000c4ce                OLED_ShowString_f
 .text.OLED_DrawBMP
                0x000000000000c582       0x84 ./HAL/OLED.o
                0x000000000000c582                OLED_DrawBMP
 .text.OLED_Clr
                0x000000000000c606       0x56 ./HAL/OLED.o
                0x000000000000c606                OLED_Clr
 .text.OLED_Midx
                0x000000000000c65c       0x1c ./HAL/OLED.o
                0x000000000000c65c                OLED_Midx
 .text.OLED_Set_Scroll_ENA
                0x000000000000c678       0x14 ./HAL/OLED.o
                0x000000000000c678                OLED_Set_Scroll_ENA
 .text.HAL_OLED_Init
                0x000000000000c68c      0x168 ./HAL/OLED.o
                0x000000000000c68c                HAL_OLED_Init
 .text.OLED_UI_printf
                0x000000000000c7f4       0x7a ./HAL/OLED_UI.o
                0x000000000000c7f4                OLED_UI_printf
 .text.OLED_UI_add_task
                0x000000000000c86e       0x5c ./HAL/OLED_UI.o
                0x000000000000c86e                OLED_UI_add_task
 .text.OLED_UI_add_CLEARPAGE_task
                0x000000000000c8ca       0x44 ./HAL/OLED_UI.o
                0x000000000000c8ca                OLED_UI_add_CLEARPAGE_task
 .text.OLED_UI_add_SHOWINFO_task
                0x000000000000c90e       0x82 ./HAL/OLED_UI.o
                0x000000000000c90e                OLED_UI_add_SHOWINFO_task
 .text.OLED_UI_add_SHOW_ICONINFO_task
                0x000000000000c990       0x98 ./HAL/OLED_UI.o
                0x000000000000c990                OLED_UI_add_SHOW_ICONINFO_task
 .text.OLED_UI_add_default_task
                0x000000000000ca28        0xe ./HAL/OLED_UI.o
                0x000000000000ca28                OLED_UI_add_default_task
 .text.OLED_UI_add_delay_task
                0x000000000000ca36       0x6e ./HAL/OLED_UI.o
                0x000000000000ca36                OLED_UI_add_delay_task
 .text.OLED_UI_add_default_delay_task
                0x000000000000caa4       0x10 ./HAL/OLED_UI.o
                0x000000000000caa4                OLED_UI_add_default_delay_task
 .text.OLED_UI_add_CANCELINFO_delay_task
                0x000000000000cab4       0x3a ./HAL/OLED_UI.o
                0x000000000000cab4                OLED_UI_add_CANCELINFO_delay_task
 .text.OLED_UI_slot_add
                0x000000000000caee       0x2a ./HAL/OLED_UI.o
                0x000000000000caee                OLED_UI_slot_add
 .text.OLED_UI_slot_delete
                0x000000000000cb18       0x70 ./HAL/OLED_UI.o
                0x000000000000cb18                OLED_UI_slot_delete
 .text.OLED_UI_slot_active
                0x000000000000cb88       0x36 ./HAL/OLED_UI.o
                0x000000000000cb88                OLED_UI_slot_active
 .text.OLED_UI_slot_draw
                0x000000000000cbbe       0x42 ./HAL/OLED_UI.o
                0x000000000000cbbe                OLED_UI_slot_draw
 .text.OLED_UI_show_version
                0x000000000000cc00       0x7e ./HAL/OLED_UI.o
                0x000000000000cc00                OLED_UI_show_version
 .text.OLED_UI_draw_empty_battery
                0x000000000000cc7e       0x14 ./HAL/OLED_UI.o
                0x000000000000cc7e                OLED_UI_draw_empty_battery
 .text.OLED_UI_smooth_select_cfg
                0x000000000000cc92       0x68 ./HAL/OLED_UI.o
                0x000000000000cc92                OLED_UI_smooth_select_cfg
 .text.OLED_UI_draw_menu
                0x000000000000ccfa      0x2ce ./HAL/OLED_UI.o
                0x000000000000ccfa                OLED_UI_draw_menu
 .text.OLED_UI_smooth_select
                0x000000000000cfc8      0x294 ./HAL/OLED_UI.o
                0x000000000000cfc8                OLED_UI_smooth_select
 .text.OLED_UI_idle
                0x000000000000d25c       0x26 ./HAL/OLED_UI.o
                0x000000000000d25c                OLED_UI_idle
 .text.OLED_UI_draw_thread_callback
                0x000000000000d282      0x2de ./HAL/OLED_UI.o
                0x000000000000d282                OLED_UI_draw_thread_callback
 .text.RF_2G4StatusCallBack
                0x000000000000d560       0xdc ./HAL/RF_PHY.o
                0x000000000000d560                RF_2G4StatusCallBack
 .text.RF_ProcessEvent
                0x000000000000d63c      0x160 ./HAL/RF_PHY.o
                0x000000000000d63c                RF_ProcessEvent
 .text.DATAFLASH_Read_RFfreqlevel
                0x000000000000d79c       0x2c ./HAL/RF_PHY.o
                0x000000000000d79c                DATAFLASH_Read_RFfreqlevel
 .text.DATAFLASH_Write_RFfreqlevel
                0x000000000000d7c8       0x1a ./HAL/RF_PHY.o
                0x000000000000d7c8                DATAFLASH_Write_RFfreqlevel
 .text.RF_Init  0x000000000000d7e2       0x76 ./HAL/RF_PHY.o
                0x000000000000d7e2                RF_Init
 .text.RTC_SetTignTime
                0x000000000000d858       0x20 ./HAL/RTC.o
                0x000000000000d858                RTC_SetTignTime
 .text.HAL_TimeInit
                0x000000000000d878       0x3e ./HAL/RTC.o
                0x000000000000d878                HAL_TimeInit
 .text.CH58X_LowPower
                0x000000000000d8b6       0x96 ./HAL/SLEEP.o
                0x000000000000d8b6                CH58X_LowPower
 .text.HAL_SleepInit
                0x000000000000d94c       0x58 ./HAL/SLEEP.o
                0x000000000000d94c                HAL_SleepInit
 .text.usbd_hid_keyboard_int_callback
                0x000000000000d9a4       0x10 ./HAL/USB.o
 .text.usbd_hid_mouse_int_callback
                0x000000000000d9b4       0x10 ./HAL/USB.o
 .text.usbd_hid_vol_int_callback
                0x000000000000d9c4       0x10 ./HAL/USB.o
 .text.usbd_hid_raw_in_callback
                0x000000000000d9d4        0x2 ./HAL/USB.o
 .text.usbd_hid_raw_out_callback
                0x000000000000d9d6       0x32 ./HAL/USB.o
 .text.USB_ProcessEvent
                0x000000000000da08      0x13a ./HAL/USB.o
                0x000000000000da08                USB_ProcessEvent
 .text.usb_device_init
                0x000000000000db42       0xd0 ./HAL/USB.o
                0x000000000000db42                usb_device_init
 .text.usb_suspend_wake_up_cb
                0x000000000000dc12       0x16 ./HAL/USB.o
                0x000000000000dc12                usb_suspend_wake_up_cb
 .text.usbd_configure_done_callback
                0x000000000000dc28       0x40 ./HAL/USB.o
                0x000000000000dc28                usbd_configure_done_callback
 .text.usbh_hid_set_idle
                0x000000000000dc68        0x2 ./HAL/USB.o
                0x000000000000dc68                usbh_hid_set_idle
 .text.usbh_hid_set_protocol
                0x000000000000dc6a        0x2 ./HAL/USB.o
                0x000000000000dc6a                usbh_hid_set_protocol
 .text.usbh_hid_set_report
                0x000000000000dc6c       0x3a ./HAL/USB.o
                0x000000000000dc6c                usbh_hid_set_report
 .text.usbd_msc_get_cap
                0x000000000000dca6       0x10 ./HAL/USB.o
                0x000000000000dca6                usbd_msc_get_cap
 .text.usbd_msc_sector_read
                0x000000000000dcb6       0x16 ./HAL/USB.o
                0x000000000000dcb6                usbd_msc_sector_read
 .text.usbd_msc_sector_write
                0x000000000000dccc       0x16 ./HAL/USB.o
                0x000000000000dccc                usbd_msc_sector_write
 .text.HAL_USBInit
                0x000000000000dce2       0x52 ./HAL/USB.o
                0x000000000000dce2                HAL_USBInit
 .text.usb_dc_low_level_init
                0x000000000000dd34       0x22 ./HAL/USB.o
                0x000000000000dd34                usb_dc_low_level_init
 .text.WS2812_Style_Off
                0x000000000000dd56       0x1c ./HAL/WS2812.o
                0x000000000000dd56                WS2812_Style_Off
 .text.WS2812_Style_Normal
                0x000000000000dd72       0xc4 ./HAL/WS2812.o
                0x000000000000dd72                WS2812_Style_Normal
 .text.WS2812_Style_Breath
                0x000000000000de36      0x116 ./HAL/WS2812.o
                0x000000000000de36                WS2812_Style_Breath
 .text.WS2812_Style_Waterful
                0x000000000000df4c       0xa2 ./HAL/WS2812.o
                0x000000000000df4c                WS2812_Style_Waterful
 .text.WS2812_Style_Touch
                0x000000000000dfee       0xd6 ./HAL/WS2812.o
                0x000000000000dfee                WS2812_Style_Touch
 .text.WS2812_Style_Rainbow
                0x000000000000e0c4        0x4 ./HAL/WS2812.o
                0x000000000000e0c4                WS2812_Style_Rainbow
 .text.DATAFLASH_Read_LEDStyle
                0x000000000000e0c8       0x96 ./HAL/WS2812.o
                0x000000000000e0c8                DATAFLASH_Read_LEDStyle
 .text.WS2812_PWM_Init
                0x000000000000e15e       0x26 ./HAL/WS2812.o
                0x000000000000e15e                WS2812_PWM_Init
 .text.WS2812_Style_Custom
                0x000000000000e184       0xc0 ./HAL/WS2812.o
                0x000000000000e184                WS2812_Style_Custom
 .text.WS2812_Send
                0x000000000000e244       0x7e ./HAL/WS2812.o
                0x000000000000e244                WS2812_Send
 .text.startup.main
                0x000000000000e2c2       0x6a ./APP/main.o
                0x000000000000e2c2                main
 .text.CheckOverlap
                0x000000000000e32c       0x64 ./APP/snake.o
 .text.ProduceFood
                0x000000000000e390       0x86 ./APP/snake.o
 .text.Snake_Init
                0x000000000000e416       0x64 ./APP/snake.o
                0x000000000000e416                Snake_Init
 .text.MoveSnake
                0x000000000000e47a      0x206 ./APP/snake.o
                0x000000000000e47a                MoveSnake
 .text.via_data_processing
                0x000000000000e680      0x3ee ./APP/tp78_via.o
                0x000000000000e680                via_data_processing
 .text.TPM_init
                0x000000000000ea6e       0x16 E:\Personal\A1-XC\EVT\KEYBOARD_CH582M\LIB\libTP78_TPM.a(TPM_LIB.o)
                0x000000000000ea6e                TPM_init
 .text.TPM_scan
                0x000000000000ea84      0x1f0 E:\Personal\A1-XC\EVT\KEYBOARD_CH582M\LIB\libTP78_TPM.a(TPM_LIB.o)
                0x000000000000ea84                TPM_scan
 .text.TPM_notify_key_data
                0x000000000000ec74       0x64 E:\Personal\A1-XC\EVT\KEYBOARD_CH582M\LIB\libTP78_TPM.a(TPM_LIB.o)
                0x000000000000ec74                TPM_notify_key_data
 .text.TPM_notify_led_data
                0x000000000000ecd8       0x4a E:\Personal\A1-XC\EVT\KEYBOARD_CH582M\LIB\libTP78_TPM.a(TPM_LIB.o)
                0x000000000000ecd8                TPM_notify_led_data
 .text.TPM_process_data
                0x000000000000ed22      0x154 E:\Personal\A1-XC\EVT\KEYBOARD_CH582M\LIB\libTP78_TPM.a(TPM_LIB.o)
                0x000000000000ed22                TPM_process_data
 .text.tmos_msg_enqueue
                0x000000000000ee76       0x1e E:\Personal\A1-XC\EVT\KEYBOARD_CH582M\LIB\libCH58xBLE.a(message.o)
                0x000000000000ee76                tmos_msg_enqueue
 .text.tmos_msg_deallocate
                0x000000000000ee94       0x2c E:\Personal\A1-XC\EVT\KEYBOARD_CH582M\LIB\libCH58xBLE.a(message.o)
                0x000000000000ee94                tmos_msg_deallocate
 .text.tmos_msg_allocate
                0x000000000000eec0       0x46 E:\Personal\A1-XC\EVT\KEYBOARD_CH582M\LIB\libCH58xBLE.a(message.o)
                0x000000000000eec0                tmos_msg_allocate
 .text.tmos_msg_receive
                0x000000000000ef06       0x72 E:\Personal\A1-XC\EVT\KEYBOARD_CH582M\LIB\libCH58xBLE.a(message.o)
                0x000000000000ef06                tmos_msg_receive
 .text.tmos_msg_send
                0x000000000000ef78       0x66 E:\Personal\A1-XC\EVT\KEYBOARD_CH582M\LIB\libCH58xBLE.a(message.o)
                0x000000000000ef78                tmos_msg_send
 .text.tmos_msg_init
                0x000000000000efde        0xa E:\Personal\A1-XC\EVT\KEYBOARD_CH582M\LIB\libCH58xBLE.a(message.o)
                0x000000000000efde                tmos_msg_init
 .text.tmosFindTask
                0x000000000000efe8       0x24 E:\Personal\A1-XC\EVT\KEYBOARD_CH582M\LIB\libCH58xBLE.a(tmos.o)
 .text.TMOS_CB_PeriodicProcessEvent
                0x000000000000f00c       0x86 E:\Personal\A1-XC\EVT\KEYBOARD_CH582M\LIB\libCH58xBLE.a(tmos.o)
                0x000000000000f00c                TMOS_CB_PeriodicProcessEvent
 .text.TMOS_CB_ProcessEvent
                0x000000000000f092       0x84 E:\Personal\A1-XC\EVT\KEYBOARD_CH582M\LIB\libCH58xBLE.a(tmos.o)
                0x000000000000f092                TMOS_CB_ProcessEvent
 .text.tmos_rand
                0x000000000000f116       0x52 E:\Personal\A1-XC\EVT\KEYBOARD_CH582M\LIB\libCH58xBLE.a(tmos.o)
                0x000000000000f116                tmos_rand
 .text.tmos_proces_sleep
                0x000000000000f168      0x132 E:\Personal\A1-XC\EVT\KEYBOARD_CH582M\LIB\libCH58xBLE.a(tmos.o)
                0x000000000000f168                tmos_proces_sleep
 .text.tmos_start_periodic_callback_task
                0x000000000000f29a       0xfc E:\Personal\A1-XC\EVT\KEYBOARD_CH582M\LIB\libCH58xBLE.a(tmos.o)
                0x000000000000f29a                tmos_start_periodic_callback_task
 .text.tmos_set_event
                0x000000000000f396       0x2e E:\Personal\A1-XC\EVT\KEYBOARD_CH582M\LIB\libCH58xBLE.a(tmos.o)
                0x000000000000f396                tmos_set_event
 .text.tmos_clear_event
                0x000000000000f3c4       0x32 E:\Personal\A1-XC\EVT\KEYBOARD_CH582M\LIB\libCH58xBLE.a(tmos.o)
                0x000000000000f3c4                tmos_clear_event
 .text.tmos_update_callback_timer
                0x000000000000f3f6       0xc4 E:\Personal\A1-XC\EVT\KEYBOARD_CH582M\LIB\libCH58xBLE.a(tmos.o)
                0x000000000000f3f6                tmos_update_callback_timer
 .text.tmos_start_task
                0x000000000000f4ba      0x120 E:\Personal\A1-XC\EVT\KEYBOARD_CH582M\LIB\libCH58xBLE.a(tmos.o)
                0x000000000000f4ba                tmos_start_task
 .text.tmos_start_callback_task
                0x000000000000f5da       0x9a E:\Personal\A1-XC\EVT\KEYBOARD_CH582M\LIB\libCH58xBLE.a(tmos.o)
                0x000000000000f5da                tmos_start_callback_task
 .text.tmos_start_reload_task
                0x000000000000f674       0x58 E:\Personal\A1-XC\EVT\KEYBOARD_CH582M\LIB\libCH58xBLE.a(tmos.o)
                0x000000000000f674                tmos_start_reload_task
 .text.tmos_stop_task
                0x000000000000f6cc       0x52 E:\Personal\A1-XC\EVT\KEYBOARD_CH582M\LIB\libCH58xBLE.a(tmos.o)
                0x000000000000f6cc                tmos_stop_task
 .text.tmos_stop_callback_task
                0x000000000000f71e       0x5c E:\Personal\A1-XC\EVT\KEYBOARD_CH582M\LIB\libCH58xBLE.a(tmos.o)
                0x000000000000f71e                tmos_stop_callback_task
 .text.tmos_get_task_timer
                0x000000000000f77a       0x6c E:\Personal\A1-XC\EVT\KEYBOARD_CH582M\LIB\libCH58xBLE.a(tmos.o)
                0x000000000000f77a                tmos_get_task_timer
 .text.TMOS_TimerRegister
                0x000000000000f7e6       0x1e E:\Personal\A1-XC\EVT\KEYBOARD_CH582M\LIB\libCH58xBLE.a(tmos.o)
                0x000000000000f7e6                TMOS_TimerRegister
 .text.TMOS_ProcessRegister
                0x000000000000f804       0x16 E:\Personal\A1-XC\EVT\KEYBOARD_CH582M\LIB\libCH58xBLE.a(tmos.o)
                0x000000000000f804                TMOS_ProcessRegister
 .text.TMOS_Init
                0x000000000000f81a      0x12e E:\Personal\A1-XC\EVT\KEYBOARD_CH582M\LIB\libCH58xBLE.a(tmos.o)
                0x000000000000f81a                TMOS_Init
 .text.TMOS_ProcessEventRegister
                0x000000000000f948       0x3c E:\Personal\A1-XC\EVT\KEYBOARD_CH582M\LIB\libCH58xBLE.a(tmos.o)
                0x000000000000f948                TMOS_ProcessEventRegister
 .text.BLE_LibInit
                0x000000000000f984      0x174 E:\Personal\A1-XC\EVT\KEYBOARD_CH582M\LIB\libCH58xBLE.a(tmos.o)
                0x000000000000f984                BLE_LibInit
 .text.clockGetTickValve
                0x000000000000faf8       0x70 E:\Personal\A1-XC\EVT\KEYBOARD_CH582M\LIB\libCH58xBLE.a(tmos_hw.o)
 .text.ll_get_sca_divisor
                0x000000000000fb68       0x40 E:\Personal\A1-XC\EVT\KEYBOARD_CH582M\LIB\libCH58xBLE.a(tmos_hw.o)
                0x000000000000fb68                ll_get_sca_divisor
 .text.ll_get_sca_own
                0x000000000000fba8       0x46 E:\Personal\A1-XC\EVT\KEYBOARD_CH582M\LIB\libCH58xBLE.a(tmos_hw.o)
                0x000000000000fba8                ll_get_sca_own
 .text.ble_ll_common_rand8
                0x000000000000fbee       0x24 E:\Personal\A1-XC\EVT\KEYBOARD_CH582M\LIB\libCH58xBLE.a(tmos_hw.o)
                0x000000000000fbee                ble_ll_common_rand8
 .text.ble_ll_common_rand16
                0x000000000000fc12       0x24 E:\Personal\A1-XC\EVT\KEYBOARD_CH582M\LIB\libCH58xBLE.a(tmos_hw.o)
                0x000000000000fc12                ble_ll_common_rand16
 .text.ble_ll_common_rand32
                0x000000000000fc36       0x20 E:\Personal\A1-XC\EVT\KEYBOARD_CH582M\LIB\libCH58xBLE.a(tmos_hw.o)
                0x000000000000fc36                ble_ll_common_rand32
 .text.TMOS_TempSample
                0x000000000000fc56       0x62 E:\Personal\A1-XC\EVT\KEYBOARD_CH582M\LIB\libCH58xBLE.a(tmos_hw.o)
                0x000000000000fc56                TMOS_TempSample
 .text.TMOS_TimerInit
                0x000000000000fcb8       0xca E:\Personal\A1-XC\EVT\KEYBOARD_CH582M\LIB\libCH58xBLE.a(tmos_hw.o)
                0x000000000000fcb8                TMOS_TimerInit
 .text.tmos_snv_init
                0x000000000000fd82       0xc0 E:\Personal\A1-XC\EVT\KEYBOARD_CH582M\LIB\libCH58xBLE.a(tmos_snv.o)
                0x000000000000fd82                tmos_snv_init
 .text.tmos_snv_clear
                0x000000000000fe42       0xb2 E:\Personal\A1-XC\EVT\KEYBOARD_CH582M\LIB\libCH58xBLE.a(tmos_snv.o)
                0x000000000000fe42                tmos_snv_clear
 .text.tmos_snv_read
                0x000000000000fef4      0x292 E:\Personal\A1-XC\EVT\KEYBOARD_CH582M\LIB\libCH58xBLE.a(tmos_snv.o)
                0x000000000000fef4                tmos_snv_read
 .text.tmos_snv_notify
                0x0000000000010186       0x5a E:\Personal\A1-XC\EVT\KEYBOARD_CH582M\LIB\libCH58xBLE.a(tmos_snv.o)
                0x0000000000010186                tmos_snv_notify
 .text.tmos_snv_write
                0x00000000000101e0      0x2ce E:\Personal\A1-XC\EVT\KEYBOARD_CH582M\LIB\libCH58xBLE.a(tmos_snv.o)
                0x00000000000101e0                tmos_snv_write
 .text.tmos_snv_compact
                0x00000000000104ae        0x4 E:\Personal\A1-XC\EVT\KEYBOARD_CH582M\LIB\libCH58xBLE.a(tmos_snv.o)
                0x00000000000104ae                tmos_snv_compact
 .text.disconnectNext
                0x00000000000104b2       0x22 E:\Personal\A1-XC\EVT\KEYBOARD_CH582M\LIB\libCH58xBLE.a(gap.o)
 .text.GAP_ParamInit
                0x00000000000104d4      0x160 E:\Personal\A1-XC\EVT\KEYBOARD_CH582M\LIB\libCH58xBLE.a(gap.o)
                0x00000000000104d4                GAP_ParamInit
 .text.sendTerminateEvent
                0x0000000000010634       0x58 E:\Personal\A1-XC\EVT\KEYBOARD_CH582M\LIB\libCH58xBLE.a(gap.o)
                0x0000000000010634                sendTerminateEvent
 .text.gapRegisterCentral
                0x000000000001068c        0x6 E:\Personal\A1-XC\EVT\KEYBOARD_CH582M\LIB\libCH58xBLE.a(gap.o)
                0x000000000001068c                gapRegisterCentral
 .text.gapRegisterCentralConn
                0x0000000000010692        0x6 E:\Personal\A1-XC\EVT\KEYBOARD_CH582M\LIB\libCH58xBLE.a(gap.o)
                0x0000000000010692                gapRegisterCentralConn
 .text.gapRegisterPeripheral
                0x0000000000010698        0x6 E:\Personal\A1-XC\EVT\KEYBOARD_CH582M\LIB\libCH58xBLE.a(gap.o)
                0x0000000000010698                gapRegisterPeripheral
 .text.gapRegisterPeripheralConn
                0x000000000001069e        0x6 E:\Personal\A1-XC\EVT\KEYBOARD_CH582M\LIB\libCH58xBLE.a(gap.o)
                0x000000000001069e                gapRegisterPeripheralConn
 .text.smGenerateRandBuf
                0x00000000000106a4       0x56 E:\Personal\A1-XC\EVT\KEYBOARD_CH582M\LIB\libCH58xBLE.a(gap.o)
                0x00000000000106a4                smGenerateRandBuf
 .text.gapL2capConnParamUpdateReq
                0x00000000000106fa       0x36 E:\Personal\A1-XC\EVT\KEYBOARD_CH582M\LIB\libCH58xBLE.a(gap.o)
                0x00000000000106fa                gapL2capConnParamUpdateReq
 .text.gapValidADType
                0x0000000000010730       0x16 E:\Personal\A1-XC\EVT\KEYBOARD_CH582M\LIB\libCH58xBLE.a(gap.o)
                0x0000000000010730                gapValidADType
 .text.gapFindADType
                0x0000000000010746       0x94 E:\Personal\A1-XC\EVT\KEYBOARD_CH582M\LIB\libCH58xBLE.a(gap.o)
                0x0000000000010746                gapFindADType
 .text.GAP_SecParamsInit
                0x00000000000107da       0xae E:\Personal\A1-XC\EVT\KEYBOARD_CH582M\LIB\libCH58xBLE.a(gap.o)
                0x00000000000107da                GAP_SecParamsInit
 .text.GAP_ParamsInit
                0x0000000000010888       0x50 E:\Personal\A1-XC\EVT\KEYBOARD_CH582M\LIB\libCH58xBLE.a(gap.o)
                0x0000000000010888                GAP_ParamsInit
 .text.gapAddAddrAdj
                0x00000000000108d8       0x48 E:\Personal\A1-XC\EVT\KEYBOARD_CH582M\LIB\libCH58xBLE.a(gap.o)
                0x00000000000108d8                gapAddAddrAdj
 .text.gapDetermineAddrType
                0x0000000000010920       0x28 E:\Personal\A1-XC\EVT\KEYBOARD_CH582M\LIB\libCH58xBLE.a(gap.o)
                0x0000000000010920                gapDetermineAddrType
 .text.gapFreeAuthLink
                0x0000000000010948       0x4a E:\Personal\A1-XC\EVT\KEYBOARD_CH582M\LIB\libCH58xBLE.a(gap.o)
                0x0000000000010948                gapFreeAuthLink
 .text.gapGetDevAddress
                0x0000000000010992       0x24 E:\Personal\A1-XC\EVT\KEYBOARD_CH582M\LIB\libCH58xBLE.a(gap.o)
                0x0000000000010992                gapGetDevAddress
 .text.gapGetDevAddressMode
                0x00000000000109b6        0xa E:\Personal\A1-XC\EVT\KEYBOARD_CH582M\LIB\libCH58xBLE.a(gap.o)
                0x00000000000109b6                gapGetDevAddressMode
 .text.gapGetIRK
                0x00000000000109c0        0xc E:\Personal\A1-XC\EVT\KEYBOARD_CH582M\LIB\libCH58xBLE.a(gap.o)
                0x00000000000109c0                gapGetIRK
 .text.gapGetSRK
                0x00000000000109cc        0xc E:\Personal\A1-XC\EVT\KEYBOARD_CH582M\LIB\libCH58xBLE.a(gap.o)
                0x00000000000109cc                gapGetSRK
 .text.gapGetSignCounter
                0x00000000000109d8        0xe E:\Personal\A1-XC\EVT\KEYBOARD_CH582M\LIB\libCH58xBLE.a(gap.o)
                0x00000000000109d8                gapGetSignCounter
 .text.gapIncSignCounter
                0x00000000000109e6       0x28 E:\Personal\A1-XC\EVT\KEYBOARD_CH582M\LIB\libCH58xBLE.a(gap.o)
                0x00000000000109e6                gapIncSignCounter
 .text.gapProcessConnEvt
                0x0000000000010a0e       0x48 E:\Personal\A1-XC\EVT\KEYBOARD_CH582M\LIB\libCH58xBLE.a(gap.o)
                0x0000000000010a0e                gapProcessConnEvt
 .text.gapProcessDisconnectCompleteEvt
                0x0000000000010a56       0xaa E:\Personal\A1-XC\EVT\KEYBOARD_CH582M\LIB\libCH58xBLE.a(gap.o)
                0x0000000000010a56                gapProcessDisconnectCompleteEvt
 .text.sendAuthEvent
                0x0000000000010b00      0x120 E:\Personal\A1-XC\EVT\KEYBOARD_CH582M\LIB\libCH58xBLE.a(gap.o)
                0x0000000000010b00                sendAuthEvent
 .text.gapSendBondCompleteEvent
                0x0000000000010c20       0x74 E:\Personal\A1-XC\EVT\KEYBOARD_CH582M\LIB\libCH58xBLE.a(gap.o)
                0x0000000000010c20                gapSendBondCompleteEvent
 .text.gapSendPairingReqEvent
                0x0000000000010c94       0x96 E:\Personal\A1-XC\EVT\KEYBOARD_CH582M\LIB\libCH58xBLE.a(gap.o)
                0x0000000000010c94                gapSendPairingReqEvent
 .text.gapSendSlaveSecurityReqEvent
                0x0000000000010d2a       0x68 E:\Personal\A1-XC\EVT\KEYBOARD_CH582M\LIB\libCH58xBLE.a(gap.o)
                0x0000000000010d2a                gapSendSlaveSecurityReqEvent
 .text.gapSendDeviceInitDoneEvent
                0x0000000000010d92       0x88 E:\Personal\A1-XC\EVT\KEYBOARD_CH582M\LIB\libCH58xBLE.a(gap.o)
                0x0000000000010d92                gapSendDeviceInitDoneEvent
 .text.gapSendLinkUpdateEvent
                0x0000000000010e1a       0xb2 E:\Personal\A1-XC\EVT\KEYBOARD_CH582M\LIB\libCH58xBLE.a(gap.o)
                0x0000000000010e1a                gapSendLinkUpdateEvent
 .text.gapSendPhyUpdateEvent
                0x0000000000010ecc       0x58 E:\Personal\A1-XC\EVT\KEYBOARD_CH582M\LIB\libCH58xBLE.a(gap.o)
                0x0000000000010ecc                gapSendPhyUpdateEvent
 .text.gapSendEstLinkEvent
                0x0000000000010f24       0xbc E:\Personal\A1-XC\EVT\KEYBOARD_CH582M\LIB\libCH58xBLE.a(gap.o)
                0x0000000000010f24                gapSendEstLinkEvent
 .text.gapProcessNewAddr
                0x0000000000010fe0       0x3e E:\Personal\A1-XC\EVT\KEYBOARD_CH582M\LIB\libCH58xBLE.a(gap.o)
                0x0000000000010fe0                gapProcessNewAddr
 .text.gapProcessRandomAddrComplete
                0x000000000001101e       0xb6 E:\Personal\A1-XC\EVT\KEYBOARD_CH582M\LIB\libCH58xBLE.a(gap.o)
                0x000000000001101e                gapProcessRandomAddrComplete
 .text.GAP_Authenticate
                0x00000000000110d4       0xde E:\Personal\A1-XC\EVT\KEYBOARD_CH582M\LIB\libCH58xBLE.a(gap.o)
                0x00000000000110d4                GAP_Authenticate
 .text.GAP_Bond
                0x00000000000111b2       0xaa E:\Personal\A1-XC\EVT\KEYBOARD_CH582M\LIB\libCH58xBLE.a(gap.o)
                0x00000000000111b2                GAP_Bond
 .text.GAP_GetParamValue
                0x000000000001125c       0x20 E:\Personal\A1-XC\EVT\KEYBOARD_CH582M\LIB\libCH58xBLE.a(gap.o)
                0x000000000001125c                GAP_GetParamValue
 .text.GAP_PasscodeUpdate
                0x000000000001127c       0x54 E:\Personal\A1-XC\EVT\KEYBOARD_CH582M\LIB\libCH58xBLE.a(gap.o)
                0x000000000001127c                GAP_PasscodeUpdate
 .text.GAP_RegisterForMsgs
                0x00000000000112d0        0xa E:\Personal\A1-XC\EVT\KEYBOARD_CH582M\LIB\libCH58xBLE.a(gap.o)
                0x00000000000112d0                GAP_RegisterForMsgs
 .text.GAP_ResolvePrivateAddr
                0x00000000000112da        0x4 E:\Personal\A1-XC\EVT\KEYBOARD_CH582M\LIB\libCH58xBLE.a(gap.o)
                0x00000000000112da                GAP_ResolvePrivateAddr
 .text.gapPairingCompleteCB
                0x00000000000112de      0x18c E:\Personal\A1-XC\EVT\KEYBOARD_CH582M\LIB\libCH58xBLE.a(gap.o)
                0x00000000000112de                gapPairingCompleteCB
 .text.gapPasskeyNeededCB
                0x000000000001146a       0x8e E:\Personal\A1-XC\EVT\KEYBOARD_CH582M\LIB\libCH58xBLE.a(gap.o)
                0x000000000001146a                gapPasskeyNeededCB
 .text.gapOobNeededCB
                0x00000000000114f8       0xa6 E:\Personal\A1-XC\EVT\KEYBOARD_CH582M\LIB\libCH58xBLE.a(gap.o)
                0x00000000000114f8                gapOobNeededCB
 .text.gapFreeEstLink
                0x000000000001159e       0x20 E:\Personal\A1-XC\EVT\KEYBOARD_CH582M\LIB\libCH58xBLE.a(gap.o)
                0x000000000001159e                gapFreeEstLink
 .text.gapUpdateConnSignCounter
                0x00000000000115be       0x7a E:\Personal\A1-XC\EVT\KEYBOARD_CH582M\LIB\libCH58xBLE.a(gap.o)
                0x00000000000115be                gapUpdateConnSignCounter
 .text.GAP_SendSlaveSecurityRequest
                0x0000000000011638       0x4a E:\Personal\A1-XC\EVT\KEYBOARD_CH582M\LIB\libCH58xBLE.a(gap.o)
                0x0000000000011638                GAP_SendSlaveSecurityRequest
 .text.GAP_Signable
                0x0000000000011682       0x6a E:\Personal\A1-XC\EVT\KEYBOARD_CH582M\LIB\libCH58xBLE.a(gap.o)
                0x0000000000011682                GAP_Signable
 .text.GAP_TerminateAuth
                0x00000000000116ec       0x2a E:\Personal\A1-XC\EVT\KEYBOARD_CH582M\LIB\libCH58xBLE.a(gap.o)
                0x00000000000116ec                GAP_TerminateAuth
 .text.GAP_NumActiveConnections
                0x0000000000011716        0x4 E:\Personal\A1-XC\EVT\KEYBOARD_CH582M\LIB\libCH58xBLE.a(gap.o)
                0x0000000000011716                GAP_NumActiveConnections
 .text.GAP_TerminateLinkReq
                0x000000000001171a       0x8e E:\Personal\A1-XC\EVT\KEYBOARD_CH582M\LIB\libCH58xBLE.a(gap.o)
                0x000000000001171a                GAP_TerminateLinkReq
 .text.GAP_SetParamValue
                0x00000000000117a8       0x6c E:\Personal\A1-XC\EVT\KEYBOARD_CH582M\LIB\libCH58xBLE.a(gap.o)
                0x00000000000117a8                GAP_SetParamValue
 .text.GAP_Init
                0x0000000000011814       0x48 E:\Personal\A1-XC\EVT\KEYBOARD_CH582M\LIB\libCH58xBLE.a(gap.o)
                0x0000000000011814                GAP_Init
 .text.GAP_ProcessEvent
                0x000000000001185c      0x664 E:\Personal\A1-XC\EVT\KEYBOARD_CH582M\LIB\libCH58xBLE.a(gap.o)
                0x000000000001185c                GAP_ProcessEvent
 .text.gapSendScanEnable
                0x0000000000011ec0       0x3a E:\Personal\A1-XC\EVT\KEYBOARD_CH582M\LIB\libCH58xBLE.a(gap_central.o)
 .text.gapCentProcessConnEvt
                0x0000000000011efa      0x168 E:\Personal\A1-XC\EVT\KEYBOARD_CH582M\LIB\libCH58xBLE.a(gap_central.o)
                0x0000000000011efa                gapCentProcessConnEvt
 .text.gapProcessScanningPeriodicAdvEvt
                0x0000000000012062       0xa0 E:\Personal\A1-XC\EVT\KEYBOARD_CH582M\LIB\libCH58xBLE.a(gap_central.o)
                0x0000000000012062                gapProcessScanningPeriodicAdvEvt
 .text.gapCancelLinkReq
                0x0000000000012102       0x38 E:\Personal\A1-XC\EVT\KEYBOARD_CH582M\LIB\libCH58xBLE.a(gap_central.o)
                0x0000000000012102                gapCancelLinkReq
 .text.gapProcessAdvertDevInfo
                0x000000000001213a      0x242 E:\Personal\A1-XC\EVT\KEYBOARD_CH582M\LIB\libCH58xBLE.a(gap_central.o)
                0x000000000001213a                gapProcessAdvertDevInfo
 .text.gapProcessExtAdvertDevInfo
                0x000000000001237c      0x260 E:\Personal\A1-XC\EVT\KEYBOARD_CH582M\LIB\libCH58xBLE.a(gap_central.o)
                0x000000000001237c                gapProcessExtAdvertDevInfo
 .text.gapProcessPeriodicAdvertisingSyncEstablishedEvt
                0x00000000000125dc       0xae E:\Personal\A1-XC\EVT\KEYBOARD_CH582M\LIB\libCH58xBLE.a(gap_central.o)
                0x00000000000125dc                gapProcessPeriodicAdvertisingSyncEstablishedEvt
 .text.gapProcessPeriodicAdvertisingSyncLostEvt
                0x000000000001268a       0x56 E:\Personal\A1-XC\EVT\KEYBOARD_CH582M\LIB\libCH58xBLE.a(gap_central.o)
                0x000000000001268a                gapProcessPeriodicAdvertisingSyncLostEvt
 .text.gapFreeScanRecs
                0x00000000000126e0       0xa6 E:\Personal\A1-XC\EVT\KEYBOARD_CH582M\LIB\libCH58xBLE.a(gap_central.o)
                0x00000000000126e0                gapFreeScanRecs
 .text.gapSendDevDiscEvent
                0x0000000000012786      0x126 E:\Personal\A1-XC\EVT\KEYBOARD_CH582M\LIB\libCH58xBLE.a(gap_central.o)
                0x0000000000012786                gapSendDevDiscEvent
 .text.gapSetScanParamStatus
                0x00000000000128ac       0x58 E:\Personal\A1-XC\EVT\KEYBOARD_CH582M\LIB\libCH58xBLE.a(gap_central.o)
 .text.gapCentProcessHCICmdEvt
                0x0000000000012904       0x3e E:\Personal\A1-XC\EVT\KEYBOARD_CH582M\LIB\libCH58xBLE.a(gap_central.o)
                0x0000000000012904                gapCentProcessHCICmdEvt
 .text.gapProcessScanningEvt
                0x0000000000012942      0x110 E:\Personal\A1-XC\EVT\KEYBOARD_CH582M\LIB\libCH58xBLE.a(gap_central.o)
                0x0000000000012942                gapProcessScanningEvt
 .text.gapProcessScanningDirectEvt
                0x0000000000012a52       0xfe E:\Personal\A1-XC\EVT\KEYBOARD_CH582M\LIB\libCH58xBLE.a(gap_central.o)
                0x0000000000012a52                gapProcessScanningDirectEvt
 .text.gapProcessScanningExtAdvEvt
                0x0000000000012b50      0x26a E:\Personal\A1-XC\EVT\KEYBOARD_CH582M\LIB\libCH58xBLE.a(gap_central.o)
                0x0000000000012b50                gapProcessScanningExtAdvEvt
 .text.GAP_CentConnRegister
                0x0000000000012dba       0x1a E:\Personal\A1-XC\EVT\KEYBOARD_CH582M\LIB\libCH58xBLE.a(gap_central.o)
                0x0000000000012dba                GAP_CentConnRegister
 .text.GAP_CentralParamInit
                0x0000000000012dd4       0x6e E:\Personal\A1-XC\EVT\KEYBOARD_CH582M\LIB\libCH58xBLE.a(gap_central.o)
                0x0000000000012dd4                GAP_CentralParamInit
 .text.GAP_CentDevMgrInit
                0x0000000000012e42       0x9c E:\Personal\A1-XC\EVT\KEYBOARD_CH582M\LIB\libCH58xBLE.a(gap_central.o)
                0x0000000000012e42                GAP_CentDevMgrInit
 .text.gapFreeAdvertState
                0x0000000000012ede       0x20 E:\Personal\A1-XC\EVT\KEYBOARD_CH582M\LIB\libCH58xBLE.a(gap_peripheral.o)
 .text.gapSetPeriodicAdvParams
                0x0000000000012efe       0x30 E:\Personal\A1-XC\EVT\KEYBOARD_CH582M\LIB\libCH58xBLE.a(gap_peripheral.o)
 .text.gapSetConnectionlessCTEParams
                0x0000000000012f2e       0x54 E:\Personal\A1-XC\EVT\KEYBOARD_CH582M\LIB\libCH58xBLE.a(gap_peripheral.o)
 .text.gapSetAdvParams
                0x0000000000012f82       0xfc E:\Personal\A1-XC\EVT\KEYBOARD_CH582M\LIB\libCH58xBLE.a(gap_peripheral.o)
 .text.gapPeriProcessConnEvt
                0x000000000001307e       0xd0 E:\Personal\A1-XC\EVT\KEYBOARD_CH582M\LIB\libCH58xBLE.a(gap_peripheral.o)
 .text.gapWriteAdvDataStatus
                0x000000000001314e       0x88 E:\Personal\A1-XC\EVT\KEYBOARD_CH582M\LIB\libCH58xBLE.a(gap_peripheral.o)
 .text.GAP_MakeDiscoverable
                0x00000000000131d6      0x174 E:\Personal\A1-XC\EVT\KEYBOARD_CH582M\LIB\libCH58xBLE.a(gap_peripheral.o)
                0x00000000000131d6                GAP_MakeDiscoverable
 .text.GAP_EndDiscoverable
                0x000000000001334a       0x66 E:\Personal\A1-XC\EVT\KEYBOARD_CH582M\LIB\libCH58xBLE.a(gap_peripheral.o)
                0x000000000001334a                GAP_EndDiscoverable
 .text.gapProcessAdvertisingEvt
                0x00000000000133b0      0x118 E:\Personal\A1-XC\EVT\KEYBOARD_CH582M\LIB\libCH58xBLE.a(gap_peripheral.o)
 .text.GAP_MakePeriodic
                0x00000000000134c8       0x26 E:\Personal\A1-XC\EVT\KEYBOARD_CH582M\LIB\libCH58xBLE.a(gap_peripheral.o)
                0x00000000000134c8                GAP_MakePeriodic
 .text.GAP_EndPeriodic
                0x00000000000134ee        0xc E:\Personal\A1-XC\EVT\KEYBOARD_CH582M\LIB\libCH58xBLE.a(gap_peripheral.o)
                0x00000000000134ee                GAP_EndPeriodic
 .text.GAP_MakeConnecttionlessCTE
                0x00000000000134fa       0x1a E:\Personal\A1-XC\EVT\KEYBOARD_CH582M\LIB\libCH58xBLE.a(gap_peripheral.o)
                0x00000000000134fa                GAP_MakeConnecttionlessCTE
 .text.GAP_EndConnecttionlessCTE
                0x0000000000013514        0xc E:\Personal\A1-XC\EVT\KEYBOARD_CH582M\LIB\libCH58xBLE.a(gap_peripheral.o)
                0x0000000000013514                GAP_EndConnecttionlessCTE
 .text.GAP_SetAdvertisingAdvData
                0x0000000000013520      0x102 E:\Personal\A1-XC\EVT\KEYBOARD_CH582M\LIB\libCH58xBLE.a(gap_peripheral.o)
                0x0000000000013520                GAP_SetAdvertisingAdvData
 .text.GAP_SetAdvertisingRspData
                0x0000000000013622      0x102 E:\Personal\A1-XC\EVT\KEYBOARD_CH582M\LIB\libCH58xBLE.a(gap_peripheral.o)
                0x0000000000013622                GAP_SetAdvertisingRspData
 .text.GAP_SetPeriodicAdvertisingData
                0x0000000000013724       0xc6 E:\Personal\A1-XC\EVT\KEYBOARD_CH582M\LIB\libCH58xBLE.a(gap_peripheral.o)
                0x0000000000013724                GAP_SetPeriodicAdvertisingData
 .text.GAP_GetAdvertisingAdvData
                0x00000000000137ea       0x26 E:\Personal\A1-XC\EVT\KEYBOARD_CH582M\LIB\libCH58xBLE.a(gap_peripheral.o)
                0x00000000000137ea                GAP_GetAdvertisingAdvData
 .text.GAP_GetAdvertisingRspData
                0x0000000000013810       0x34 E:\Personal\A1-XC\EVT\KEYBOARD_CH582M\LIB\libCH58xBLE.a(gap_peripheral.o)
                0x0000000000013810                GAP_GetAdvertisingRspData
 .text.GAP_GetPeriodicAdvertisingData
                0x0000000000013844       0x34 E:\Personal\A1-XC\EVT\KEYBOARD_CH582M\LIB\libCH58xBLE.a(gap_peripheral.o)
                0x0000000000013844                GAP_GetPeriodicAdvertisingData
 .text.GAP_PeriConnRegister
                0x0000000000013878       0x2e E:\Personal\A1-XC\EVT\KEYBOARD_CH582M\LIB\libCH58xBLE.a(gap_peripheral.o)
                0x0000000000013878                GAP_PeriConnRegister
 .text.GAP_PeripheralParamInit
                0x00000000000138a6       0x6c E:\Personal\A1-XC\EVT\KEYBOARD_CH582M\LIB\libCH58xBLE.a(gap_peripheral.o)
                0x00000000000138a6                GAP_PeripheralParamInit
 .text.gapSendMakeDiscEvent
                0x0000000000013912       0x50 E:\Personal\A1-XC\EVT\KEYBOARD_CH582M\LIB\libCH58xBLE.a(gap_peripheral.o)
                0x0000000000013912                gapSendMakeDiscEvent
 .text.gapWriteAdvEnableStatus
                0x0000000000013962      0x110 E:\Personal\A1-XC\EVT\KEYBOARD_CH582M\LIB\libCH58xBLE.a(gap_peripheral.o)
 .text.gapSendMakePeriodicEvent
                0x0000000000013a72       0x3a E:\Personal\A1-XC\EVT\KEYBOARD_CH582M\LIB\libCH58xBLE.a(gap_peripheral.o)
                0x0000000000013a72                gapSendMakePeriodicEvent
 .text.gapSendMakeConnectionlessCTEEvent
                0x0000000000013aac       0x3a E:\Personal\A1-XC\EVT\KEYBOARD_CH582M\LIB\libCH58xBLE.a(gap_peripheral.o)
                0x0000000000013aac                gapSendMakeConnectionlessCTEEvent
 .text.gapPeriProcessHCICmdCompleteEvt
                0x0000000000013ae6      0x1e4 E:\Personal\A1-XC\EVT\KEYBOARD_CH582M\LIB\libCH58xBLE.a(gap_peripheral.o)
 .text.GAP_PeriDevMgrInit
                0x0000000000013cca       0x2e E:\Personal\A1-XC\EVT\KEYBOARD_CH582M\LIB\libCH58xBLE.a(gap_peripheral.o)
                0x0000000000013cca                GAP_PeriDevMgrInit
 .text.ggs_SetAttrWPermit
                0x0000000000013cf8       0x68 E:\Personal\A1-XC\EVT\KEYBOARD_CH582M\LIB\libCH58xBLE.a(gapgattserver.o)
 .text.ggs_ReadAttrCB
                0x0000000000013d60      0x156 E:\Personal\A1-XC\EVT\KEYBOARD_CH582M\LIB\libCH58xBLE.a(gapgattserver.o)
 .text.ggs_WriteAttrCB
                0x0000000000013eb6      0x15c E:\Personal\A1-XC\EVT\KEYBOARD_CH582M\LIB\libCH58xBLE.a(gapgattserver.o)
 .text.GGS_ParamInit
                0x0000000000014012      0x23a E:\Personal\A1-XC\EVT\KEYBOARD_CH582M\LIB\libCH58xBLE.a(gapgattserver.o)
                0x0000000000014012                GGS_ParamInit
 .text.GGS_SetParameter
                0x000000000001424c       0xe2 E:\Personal\A1-XC\EVT\KEYBOARD_CH582M\LIB\libCH58xBLE.a(gapgattserver.o)
                0x000000000001424c                GGS_SetParameter
 .text.GGS_AddService
                0x000000000001432e       0x2c E:\Personal\A1-XC\EVT\KEYBOARD_CH582M\LIB\libCH58xBLE.a(gapgattserver.o)
                0x000000000001432e                GGS_AddService
 .text.GAP_DeviceInit
                0x000000000001435a       0xd8 E:\Personal\A1-XC\EVT\KEYBOARD_CH582M\LIB\libCH58xBLE.a(gapgattserver.o)
                0x000000000001435a                GAP_DeviceInit
 .text.gattGetPayload
                0x0000000000014432       0x7e E:\Personal\A1-XC\EVT\KEYBOARD_CH582M\LIB\libCH58xBLE.a(gatt.o)
                0x0000000000014432                gattGetPayload
 .text.gattNotifyEvent
                0x00000000000144b0       0x84 E:\Personal\A1-XC\EVT\KEYBOARD_CH582M\LIB\libCH58xBLE.a(gatt.o)
                0x00000000000144b0                gattNotifyEvent
 .text.gattSendFlowCtrlEvt
                0x0000000000014534       0x52 E:\Personal\A1-XC\EVT\KEYBOARD_CH582M\LIB\libCH58xBLE.a(gatt.o)
                0x0000000000014534                gattSendFlowCtrlEvt
 .text.gattStartTimer
                0x0000000000014586        0xc E:\Personal\A1-XC\EVT\KEYBOARD_CH582M\LIB\libCH58xBLE.a(gatt.o)
                0x0000000000014586                gattStartTimer
 .text.gattStopTimer
                0x0000000000014592       0x32 E:\Personal\A1-XC\EVT\KEYBOARD_CH582M\LIB\libCH58xBLE.a(gatt.o)
                0x0000000000014592                gattStopTimer
 .text.GATT_AppCompletedMsg
                0x00000000000145c4       0x30 E:\Personal\A1-XC\EVT\KEYBOARD_CH582M\LIB\libCH58xBLE.a(gatt.o)
                0x00000000000145c4                GATT_AppCompletedMsg
 .text.GATT_NotifyEvent
                0x00000000000145f4       0x56 E:\Personal\A1-XC\EVT\KEYBOARD_CH582M\LIB\libCH58xBLE.a(gatt.o)
                0x00000000000145f4                GATT_NotifyEvent
 .text.gattRegisterServer
                0x000000000001464a        0x6 E:\Personal\A1-XC\EVT\KEYBOARD_CH582M\LIB\libCH58xBLE.a(gatt.o)
                0x000000000001464a                gattRegisterServer
 .text.GATT_UpdateMTU
                0x0000000000014650       0x5a E:\Personal\A1-XC\EVT\KEYBOARD_CH582M\LIB\libCH58xBLE.a(gatt.o)
                0x0000000000014650                GATT_UpdateMTU
 .text.GATT_bm_alloc
                0x00000000000146aa       0xe8 E:\Personal\A1-XC\EVT\KEYBOARD_CH582M\LIB\libCH58xBLE.a(gatt.o)
                0x00000000000146aa                GATT_bm_alloc
 .text.GATT_ServiceChangedInd
                0x0000000000014792       0x94 E:\Personal\A1-XC\EVT\KEYBOARD_CH582M\LIB\libCH58xBLE.a(gatt.o)
                0x0000000000014792                GATT_ServiceChangedInd
 .text.GATT_bm_free
                0x0000000000014826       0x1c E:\Personal\A1-XC\EVT\KEYBOARD_CH582M\LIB\libCH58xBLE.a(gatt.o)
                0x0000000000014826                GATT_bm_free
 .text.GATT_Init
                0x0000000000014842       0x2a E:\Personal\A1-XC\EVT\KEYBOARD_CH582M\LIB\libCH58xBLE.a(gatt.o)
                0x0000000000014842                GATT_Init
 .text.GATT_ProcessEvent
                0x000000000001486c      0x13a E:\Personal\A1-XC\EVT\KEYBOARD_CH582M\LIB\libCH58xBLE.a(gatt.o)
                0x000000000001486c                GATT_ProcessEvent
 .text.gattProcessExchangeMTUReq
                0x00000000000149a6        0x4 E:\Personal\A1-XC\EVT\KEYBOARD_CH582M\LIB\libCH58xBLE.a(gattservapp.o)
 .text.gattServApp_FindCharCfgItem
                0x00000000000149aa       0x24 E:\Personal\A1-XC\EVT\KEYBOARD_CH582M\LIB\libCH58xBLE.a(gattservapp.o)
 .text.gattServerHandleTimerCB
                0x00000000000149ce       0x3c E:\Personal\A1-XC\EVT\KEYBOARD_CH582M\LIB\libCH58xBLE.a(gattservapp.o)
 .text.GATTServApp_InitCharCfg.part.12
                0x0000000000014a0a       0x20 E:\Personal\A1-XC\EVT\KEYBOARD_CH582M\LIB\libCH58xBLE.a(gattservapp.o)
 .text.gattProcessExecuteWriteReq
                0x0000000000014a2a        0x4 E:\Personal\A1-XC\EVT\KEYBOARD_CH582M\LIB\libCH58xBLE.a(gattservapp.o)
 .text.GATTServApp_ParamInit
                0x0000000000014a2e       0xd6 E:\Personal\A1-XC\EVT\KEYBOARD_CH582M\LIB\libCH58xBLE.a(gattservapp.o)
                0x0000000000014a2e                GATTServApp_ParamInit
 .text.GATTServApp_ReadCharCfg
                0x0000000000014b04       0x18 E:\Personal\A1-XC\EVT\KEYBOARD_CH582M\LIB\libCH58xBLE.a(gattservapp.o)
                0x0000000000014b04                GATTServApp_ReadCharCfg
 .text.GATTServApp_WriteCharCfg
                0x0000000000014b1c       0x3c E:\Personal\A1-XC\EVT\KEYBOARD_CH582M\LIB\libCH58xBLE.a(gattservapp.o)
                0x0000000000014b1c                GATTServApp_WriteCharCfg
 .text.GATTServApp_ProcessCCCWriteReq
                0x0000000000014b58       0x60 E:\Personal\A1-XC\EVT\KEYBOARD_CH582M\LIB\libCH58xBLE.a(gattservapp.o)
                0x0000000000014b58                GATTServApp_ProcessCCCWriteReq
 .text.gattServApp_WriteAttrCB
                0x0000000000014bb8       0x34 E:\Personal\A1-XC\EVT\KEYBOARD_CH582M\LIB\libCH58xBLE.a(gattservapp.o)
                0x0000000000014bb8                gattServApp_WriteAttrCB
 .text.GATTServApp_SendCCCUpdatedEvent
                0x0000000000014bec       0x5e E:\Personal\A1-XC\EVT\KEYBOARD_CH582M\LIB\libCH58xBLE.a(gattservapp.o)
                0x0000000000014bec                GATTServApp_SendCCCUpdatedEvent
 .text.GATTServApp_SendServiceChangedInd
                0x0000000000014c4a       0x36 E:\Personal\A1-XC\EVT\KEYBOARD_CH582M\LIB\libCH58xBLE.a(gattservapp.o)
                0x0000000000014c4a                GATTServApp_SendServiceChangedInd
 .text.gattServApp_ClearPrepareWriteQ
                0x0000000000014c80       0x50 E:\Personal\A1-XC\EVT\KEYBOARD_CH582M\LIB\libCH58xBLE.a(gattservapp.o)
                0x0000000000014c80                gattServApp_ClearPrepareWriteQ
 .text.gattServApp_FindPrepareWriteQ
                0x0000000000014cd0       0x30 E:\Personal\A1-XC\EVT\KEYBOARD_CH582M\LIB\libCH58xBLE.a(gattservapp.o)
                0x0000000000014cd0                gattServApp_FindPrepareWriteQ
 .text.gattServApp_FindServiceCBs
                0x0000000000014d00       0x18 E:\Personal\A1-XC\EVT\KEYBOARD_CH582M\LIB\libCH58xBLE.a(gattservapp.o)
                0x0000000000014d00                gattServApp_FindServiceCBs
 .text.gattServApp_FindAuthorizeAttrCB
                0x0000000000014d18       0x16 E:\Personal\A1-XC\EVT\KEYBOARD_CH582M\LIB\libCH58xBLE.a(gattservapp.o)
                0x0000000000014d18                gattServApp_FindAuthorizeAttrCB
 .text.gattServApp_IsWriteLong
                0x0000000000014d2e       0xea E:\Personal\A1-XC\EVT\KEYBOARD_CH582M\LIB\libCH58xBLE.a(gattservapp.o)
                0x0000000000014d2e                gattServApp_IsWriteLong
 .text.gattFindService
                0x0000000000014e18       0x1c E:\Personal\A1-XC\EVT\KEYBOARD_CH582M\LIB\libCH58xBLE.a(gattservapp.o)
                0x0000000000014e18                gattFindService
 .text.GATT_ServiceNumAttrs
                0x0000000000014e34       0x18 E:\Personal\A1-XC\EVT\KEYBOARD_CH582M\LIB\libCH58xBLE.a(gattservapp.o)
                0x0000000000014e34                GATT_ServiceNumAttrs
 .text.GATT_ServiceEncKeySize
                0x0000000000014e4c       0x18 E:\Personal\A1-XC\EVT\KEYBOARD_CH582M\LIB\libCH58xBLE.a(gattservapp.o)
                0x0000000000014e4c                GATT_ServiceEncKeySize
 .text.GATT_VerifyWritePermissions.part.7
                0x0000000000014e64       0x2e E:\Personal\A1-XC\EVT\KEYBOARD_CH582M\LIB\libCH58xBLE.a(gattservapp.o)
 .text.gattResetServerInfo
                0x0000000000014e92       0x1c E:\Personal\A1-XC\EVT\KEYBOARD_CH582M\LIB\libCH58xBLE.a(gattservapp.o)
                0x0000000000014e92                gattResetServerInfo
 .text.gattFindServerInfo
                0x0000000000014eae       0x2c E:\Personal\A1-XC\EVT\KEYBOARD_CH582M\LIB\libCH58xBLE.a(gattservapp.o)
                0x0000000000014eae                gattFindServerInfo
 .text.gattServerHandleConnStatusCB
                0x0000000000014eda       0x98 E:\Personal\A1-XC\EVT\KEYBOARD_CH582M\LIB\libCH58xBLE.a(gattservapp.o)
                0x0000000000014eda                gattServerHandleConnStatusCB
 .text.gattServerProcessMsgCB
                0x0000000000014f72      0x1c0 E:\Personal\A1-XC\EVT\KEYBOARD_CH582M\LIB\libCH58xBLE.a(gattservapp.o)
                0x0000000000014f72                gattServerProcessMsgCB
 .text.gattServerNotifyTxCB
                0x0000000000015132       0x28 E:\Personal\A1-XC\EVT\KEYBOARD_CH582M\LIB\libCH58xBLE.a(gattservapp.o)
 .text.GATT_FindHandle
                0x000000000001515a       0x4a E:\Personal\A1-XC\EVT\KEYBOARD_CH582M\LIB\libCH58xBLE.a(gattservapp.o)
                0x000000000001515a                GATT_FindHandle
 .text.GATTServApp_WriteAttr
                0x00000000000151a4       0xa8 E:\Personal\A1-XC\EVT\KEYBOARD_CH582M\LIB\libCH58xBLE.a(gattservapp.o)
                0x00000000000151a4                GATTServApp_WriteAttr
 .text.gattServApp_ProcessExecuteWriteReq
                0x000000000001524c      0x100 E:\Personal\A1-XC\EVT\KEYBOARD_CH582M\LIB\libCH58xBLE.a(gattservapp.o)
                0x000000000001524c                gattServApp_ProcessExecuteWriteReq
 .text.GATTServApp_UpdateCharCfg
                0x000000000001534c       0x1e E:\Personal\A1-XC\EVT\KEYBOARD_CH582M\LIB\libCH58xBLE.a(gattservapp.o)
                0x000000000001534c                GATTServApp_UpdateCharCfg
 .text.gattServApp_ProcessPrepareWriteReq